20:12:09 **** Auto Build of configuration Debug for project DFTL ****
make pre-build main-build 
a9-linaro-pre-build-step
' '
'Building file: C:/COSMOS_KJH/CosmosPlus_DFTL_cTRIM/cosmos_plus_DFTL/ftl/dftl/dftl_garbagecollector.cpp'
'Invoking: ARM v7 g++ compiler'
arm-none-eabi-g++ -DCOSMOS_PLUS=1 -DDFTL=1 -Wall -O0 -g3 -I../../DFTL_bsp/ps7_cortexa9_0/include -I../../../../common -I../../../../fil -I../../../../ftl -I../../../../ftl/dftl -I../../../../hil -I../../../../hil/nvme -I../../../../target -I../../../../target/cosmos_plus -c -fmessage-length=0 -MT"src/ftl/dftl/dftl_garbagecollector.o" -mcpu=cortex-a9 -mfpu=vfpv3 -mfloat-abi=hard -MMD -MP -MF"src/ftl/dftl/dftl_garbagecollector.d" -MT"src/ftl/dftl/dftl_garbagecollector.o" -o "src/ftl/dftl/dftl_garbagecollector.o" "C:/COSMOS_KJH/CosmosPlus_DFTL_cTRIM/cosmos_plus_DFTL/ftl/dftl/dftl_garbagecollector.cpp"
C:/COSMOS_KJH/CosmosPlus_DFTL_cTRIM/cosmos_plus_DFTL/ftl/dftl/dftl_garbagecollector.cpp: In member function 'BOOL GC_MGR::IsGCRunning()':
C:/COSMOS_KJH/CosmosPlus_DFTL_cTRIM/cosmos_plus_DFTL/ftl/dftl/dftl_garbagecollector.cpp:55:19: warning: comparison of integer expressions of different signedness: 'INT32' {aka 'int'} and 'unsigned int' [-Wsign-compare]
  if (m_nVictimVBN == INVALID_VBN)
C:/COSMOS_KJH/CosmosPlus_DFTL_cTRIM/cosmos_plus_DFTL/ftl/dftl/dftl_garbagecollector.cpp: In member function 'VOID GC_MGR::_Read()':
C:/COSMOS_KJH/CosmosPlus_DFTL_cTRIM/cosmos_plus_DFTL/ftl/dftl/dftl_garbagecollector.cpp:157:21: warning: comparison of integer expressions of different signedness: 'UINT32' {aka 'unsigned int'} and 'INT32' {aka 'int'} [-Wsign-compare]
  if (m_nIssuedCount != m_nWriteCount  && m_nIssuedCount != m_nWriteCount + 1) {
      ~~~~~~~~~~~~~~~^~~~~~~~~~~~~~~~
C:/COSMOS_KJH/CosmosPlus_DFTL_cTRIM/cosmos_plus_DFTL/ftl/dftl/dftl_garbagecollector.cpp:157:57: warning: comparison of integer expressions of different signedness: 'UINT32' {aka 'unsigned int'} and 'INT32' {aka 'int'} [-Wsign-compare]
  if (m_nIssuedCount != m_nWriteCount  && m_nIssuedCount != m_nWriteCount + 1) {
                                          ~~~~~~~~~~~~~~~^~~~~~~~~~~~~~~~~~~~
C:/COSMOS_KJH/CosmosPlus_DFTL_cTRIM/cosmos_plus_DFTL/ftl/dftl/dftl_garbagecollector.cpp: In member function 'VOID GC_DEBUG::SetFlag(UINT32, GC_DEBUG::GC_DEBUG_FLAG)':
C:/COSMOS_KJH/CosmosPlus_DFTL_cTRIM/cosmos_plus_DFTL/ftl/dftl/dftl_garbagecollector.cpp:318:9: warning: enumeration value 'GC_DEBUG_FLAG_READ_DONE' not handled in switch [-Wswitch]
  switch (eFlag)
         ^
C:/COSMOS_KJH/CosmosPlus_DFTL_cTRIM/cosmos_plus_DFTL/ftl/dftl/dftl_garbagecollector.cpp:318:9: warning: enumeration value 'GC_DEBUG_FLAG_MASK' not handled in switch [-Wswitch]
C:/COSMOS_KJH/CosmosPlus_DFTL_cTRIM/cosmos_plus_DFTL/ftl/dftl/dftl_garbagecollector.cpp:311:9: warning: unused variable 'channel' [-Wunused-variable]
  UINT32 channel = CHANNEL_FROM_VPPN(nVPPN);
         ^~~~~~~
C:/COSMOS_KJH/CosmosPlus_DFTL_cTRIM/cosmos_plus_DFTL/ftl/dftl/dftl_garbagecollector.cpp:312:9: warning: unused variable 'way' [-Wunused-variable]
  UINT32 way = WAY_FROM_VPPN(nVPPN);
         ^~~
In file included from C:/COSMOS_KJH/CosmosPlus_DFTL_cTRIM/cosmos_plus_DFTL/ftl/dftl/dftl_internal.h:61,
                 from C:/COSMOS_KJH/CosmosPlus_DFTL_cTRIM/cosmos_plus_DFTL/ftl/dftl/dftl_garbagecollector.cpp:17:
C:/COSMOS_KJH/CosmosPlus_DFTL_cTRIM/cosmos_plus_DFTL/ftl/dftl/dftl_profile.h: At global scope:
C:/COSMOS_KJH/CosmosPlus_DFTL_cTRIM/cosmos_plus_DFTL/ftl/dftl/dftl_profile.h:62:15: warning: 'DFTL_profile' defined but not used [-Wunused-variable]
 static UINT32 DFTL_profile[Prof_Total_Num];
               ^~~~~~~~~~~~
'Finished building: C:/COSMOS_KJH/CosmosPlus_DFTL_cTRIM/cosmos_plus_DFTL/ftl/dftl/dftl_garbagecollector.cpp'
' '
'Building target: DFTL.elf'
'Invoking: ARM v7 g++ linker'
arm-none-eabi-g++ -mcpu=cortex-a9 -mfpu=vfpv3 -mfloat-abi=hard -Wl,-build-id=none -specs=Xilinx.spec -Wl,-T -Wl,../src/lscript.ld -L../../DFTL_bsp/ps7_cortexa9_0/lib -o "DFTL.elf"  ./src/target/cosmos_plus/cosmos_plus_system.o  ./src/target/main.o ./src/target/osal.o  ./src/hil/nvme/host_lld.o ./src/hil/nvme/nvme_admin_cmd.o ./src/hil/nvme/nvme_identify.o ./src/hil/nvme/nvme_io_cmd.o ./src/hil/nvme/nvme_main.o  ./src/hil/hil.o  ./src/ftl/dftl/dftl_activeblock.o ./src/ftl/dftl/dftl_block.o ./src/ftl/dftl/dftl_bufferpool.o ./src/ftl/dftl/dftl_external_interface.o ./src/ftl/dftl/dftl_garbagecollector.o ./src/ftl/dftl/dftl_global.o ./src/ftl/dftl/dftl_hdma.o ./src/ftl/dftl/dftl_meta.o ./src/ftl/dftl/dftl_profile.o ./src/ftl/dftl/dftl_request.o ./src/ftl/dftl/dftl_request_gc.o ./src/ftl/dftl/dftl_request_hil.o ./src/ftl/dftl/dftl_request_meta.o ./src/ftl/dftl/dftl_vnand.o  ./src/ftl/template.o ./src/ftl/template_cpp.o  ./src/fil/fil.o ./src/fil/fil_nand.o ./src/fil/fil_request.o ./src/fil/nsc_driver.o  ./src/common/list.o ./src/common/random.o ./src/common/statistics.o ./src/common/util.o  ./.metadata/.plugins/org.eclipse.cdt.make.core/specs.o   -Wl,--start-group,-lxil,-lgcc,-lc,-lstdc++,--end-group
'Finished building target: DFTL.elf'
' '
'Invoking: ARM v7 Print Size'
arm-none-eabi-size DFTL.elf  |tee "DFTL.elf.size"
   text	   data	    bss	    dec	    hex	filename
 224988	   5000	  27788	 257776	  3eef0	DFTL.elf
'Finished building: DFTL.elf.size'
' '

20:12:11 Build Finished (took 1s.719ms)

