17:09:26 **** Build of project CLUSTER_BEF_bsp ****
make -k all 
"Running Make include in ps7_cortexa9_0/libsrc/bram_v4_3/src"
make -C ps7_cortexa9_0/libsrc/bram_v4_3/src -s include  "SHELL=CMD" "COMPILER=arm-none-eabi-gcc" "ARCHIVER=arm-none-eabi-ar" "COMPILER_FLAGS=  -O2 -c" "EXTRA_COMPILER_FLAGS=-mcpu=cortex-a9 -mfpu=vfpv3 -mfloat-abi=hard -nostartfiles -g -Wall -Wextra"
"Running Make include in ps7_cortexa9_0/libsrc/coresightps_dcc_v1_5/src"
make -C ps7_cortexa9_0/libsrc/coresightps_dcc_v1_5/src -s include  "SHELL=CMD" "COMPILER=arm-none-eabi-gcc" "ARCHIVER=arm-none-eabi-ar" "COMPILER_FLAGS=  -O2 -c" "EXTRA_COMPILER_FLAGS=-mcpu=cortex-a9 -mfpu=vfpv3 -mfloat-abi=hard -nostartfiles -g -Wall -Wextra"
"Running Make include in ps7_cortexa9_0/libsrc/cpu_cortexa9_v2_7/src"
make -C ps7_cortexa9_0/libsrc/cpu_cortexa9_v2_7/src -s include  "SHELL=CMD" "COMPILER=arm-none-eabi-gcc" "ARCHIVER=arm-none-eabi-ar" "COMPILER_FLAGS=  -O2 -c" "EXTRA_COMPILER_FLAGS=-mcpu=cortex-a9 -mfpu=vfpv3 -mfloat-abi=hard -nostartfiles -g -Wall -Wextra"
"Running Make include in ps7_cortexa9_0/libsrc/ddrps_v1_0/src"
make -C ps7_cortexa9_0/libsrc/ddrps_v1_0/src -s include  "SHELL=CMD" "COMPILER=arm-none-eabi-gcc" "ARCHIVER=arm-none-eabi-ar" "COMPILER_FLAGS=  -O2 -c" "EXTRA_COMPILER_FLAGS=-mcpu=cortex-a9 -mfpu=vfpv3 -mfloat-abi=hard -nostartfiles -g -Wall -Wextra"
"Running Make include in ps7_cortexa9_0/libsrc/devcfg_v3_5/src"
make -C ps7_cortexa9_0/libsrc/devcfg_v3_5/src -s include  "SHELL=CMD" "COMPILER=arm-none-eabi-gcc" "ARCHIVER=arm-none-eabi-ar" "COMPILER_FLAGS=  -O2 -c" "EXTRA_COMPILER_FLAGS=-mcpu=cortex-a9 -mfpu=vfpv3 -mfloat-abi=hard -nostartfiles -g -Wall -Wextra"
"Running Make include in ps7_cortexa9_0/libsrc/dmaps_v2_4/src"
make -C ps7_cortexa9_0/libsrc/dmaps_v2_4/src -s include  "SHELL=CMD" "COMPILER=arm-none-eabi-gcc" "ARCHIVER=arm-none-eabi-ar" "COMPILER_FLAGS=  -O2 -c" "EXTRA_COMPILER_FLAGS=-mcpu=cortex-a9 -mfpu=vfpv3 -mfloat-abi=hard -nostartfiles -g -Wall -Wextra"
"Running Make include in ps7_cortexa9_0/libsrc/emacps_v3_9/src"
make -C ps7_cortexa9_0/libsrc/emacps_v3_9/src -s include  "SHELL=CMD" "COMPILER=arm-none-eabi-gcc" "ARCHIVER=arm-none-eabi-ar" "COMPILER_FLAGS=  -O2 -c" "EXTRA_COMPILER_FLAGS=-mcpu=cortex-a9 -mfpu=vfpv3 -mfloat-abi=hard -nostartfiles -g -Wall -Wextra"
"Running Make include in ps7_cortexa9_0/libsrc/gpiops_v3_5/src"
make -C ps7_cortexa9_0/libsrc/gpiops_v3_5/src -s include  "SHELL=CMD" "COMPILER=arm-none-eabi-gcc" "ARCHIVER=arm-none-eabi-ar" "COMPILER_FLAGS=  -O2 -c" "EXTRA_COMPILER_FLAGS=-mcpu=cortex-a9 -mfpu=vfpv3 -mfloat-abi=hard -nostartfiles -g -Wall -Wextra"
"Running Make include in ps7_cortexa9_0/libsrc/iicps_v3_9/src"
make -C ps7_cortexa9_0/libsrc/iicps_v3_9/src -s include  "SHELL=CMD" "COMPILER=arm-none-eabi-gcc" "ARCHIVER=arm-none-eabi-ar" "COMPILER_FLAGS=  -O2 -c" "EXTRA_COMPILER_FLAGS=-mcpu=cortex-a9 -mfpu=vfpv3 -mfloat-abi=hard -nostartfiles -g -Wall -Wextra"
"Running Make include in ps7_cortexa9_0/libsrc/qspips_v3_6/src"
make -C ps7_cortexa9_0/libsrc/qspips_v3_6/src -s include  "SHELL=CMD" "COMPILER=arm-none-eabi-gcc" "ARCHIVER=arm-none-eabi-ar" "COMPILER_FLAGS=  -O2 -c" "EXTRA_COMPILER_FLAGS=-mcpu=cortex-a9 -mfpu=vfpv3 -mfloat-abi=hard -nostartfiles -g -Wall -Wextra"
"Running Make include in ps7_cortexa9_0/libsrc/scugic_v4_0/src"
make -C ps7_cortexa9_0/libsrc/scugic_v4_0/src -s include  "SHELL=CMD" "COMPILER=arm-none-eabi-gcc" "ARCHIVER=arm-none-eabi-ar" "COMPILER_FLAGS=  -O2 -c" "EXTRA_COMPILER_FLAGS=-mcpu=cortex-a9 -mfpu=vfpv3 -mfloat-abi=hard -nostartfiles -g -Wall -Wextra"
"Running Make include in ps7_cortexa9_0/libsrc/scutimer_v2_1/src"
make -C ps7_cortexa9_0/libsrc/scutimer_v2_1/src -s include  "SHELL=CMD" "COMPILER=arm-none-eabi-gcc" "ARCHIVER=arm-none-eabi-ar" "COMPILER_FLAGS=  -O2 -c" "EXTRA_COMPILER_FLAGS=-mcpu=cortex-a9 -mfpu=vfpv3 -mfloat-abi=hard -nostartfiles -g -Wall -Wextra"
"Running Make include in ps7_cortexa9_0/libsrc/scuwdt_v2_1/src"
make -C ps7_cortexa9_0/libsrc/scuwdt_v2_1/src -s include  "SHELL=CMD" "COMPILER=arm-none-eabi-gcc" "ARCHIVER=arm-none-eabi-ar" "COMPILER_FLAGS=  -O2 -c" "EXTRA_COMPILER_FLAGS=-mcpu=cortex-a9 -mfpu=vfpv3 -mfloat-abi=hard -nostartfiles -g -Wall -Wextra"
"Running Make include in ps7_cortexa9_0/libsrc/sdps_v3_7/src"
make -C ps7_cortexa9_0/libsrc/sdps_v3_7/src -s include  "SHELL=CMD" "COMPILER=arm-none-eabi-gcc" "ARCHIVER=arm-none-eabi-ar" "COMPILER_FLAGS=  -O2 -c" "EXTRA_COMPILER_FLAGS=-mcpu=cortex-a9 -mfpu=vfpv3 -mfloat-abi=hard -nostartfiles -g -Wall -Wextra"
"Running Make include in ps7_cortexa9_0/libsrc/standalone_v7_0/src"
make -C ps7_cortexa9_0/libsrc/standalone_v7_0/src -s include  "SHELL=CMD" "COMPILER=arm-none-eabi-gcc" "ARCHIVER=arm-none-eabi-ar" "COMPILER_FLAGS=  -O2 -c" "EXTRA_COMPILER_FLAGS=-mcpu=cortex-a9 -mfpu=vfpv3 -mfloat-abi=hard -nostartfiles -g -Wall -Wextra"
"Running Make include in ps7_cortexa9_0/libsrc/uartps_v3_7/src"
make -C ps7_cortexa9_0/libsrc/uartps_v3_7/src -s include  "SHELL=CMD" "COMPILER=arm-none-eabi-gcc" "ARCHIVER=arm-none-eabi-ar" "COMPILER_FLAGS=  -O2 -c" "EXTRA_COMPILER_FLAGS=-mcpu=cortex-a9 -mfpu=vfpv3 -mfloat-abi=hard -nostartfiles -g -Wall -Wextra"
"Running Make include in ps7_cortexa9_0/libsrc/usbps_v2_4/src"
make -C ps7_cortexa9_0/libsrc/usbps_v2_4/src -s include  "SHELL=CMD" "COMPILER=arm-none-eabi-gcc" "ARCHIVER=arm-none-eabi-ar" "COMPILER_FLAGS=  -O2 -c" "EXTRA_COMPILER_FLAGS=-mcpu=cortex-a9 -mfpu=vfpv3 -mfloat-abi=hard -nostartfiles -g -Wall -Wextra"
"Running Make include in ps7_cortexa9_0/libsrc/xadcps_v2_3/src"
make -C ps7_cortexa9_0/libsrc/xadcps_v2_3/src -s include  "SHELL=CMD" "COMPILER=arm-none-eabi-gcc" "ARCHIVER=arm-none-eabi-ar" "COMPILER_FLAGS=  -O2 -c" "EXTRA_COMPILER_FLAGS=-mcpu=cortex-a9 -mfpu=vfpv3 -mfloat-abi=hard -nostartfiles -g -Wall -Wextra"
"Running Make libs in ps7_cortexa9_0/libsrc/bram_v4_3/src"
make -C ps7_cortexa9_0/libsrc/bram_v4_3/src -s libs  "SHELL=CMD" "COMPILER=arm-none-eabi-gcc" "ARCHIVER=arm-none-eabi-ar" "COMPILER_FLAGS=  -O2 -c" "EXTRA_COMPILER_FLAGS=-mcpu=cortex-a9 -mfpu=vfpv3 -mfloat-abi=hard -nostartfiles -g -Wall -Wextra"
"Compiling bram"
arm-none-eabi-ar: creating ../../../lib/libxil.a
"Running Make libs in ps7_cortexa9_0/libsrc/coresightps_dcc_v1_5/src"
make -C ps7_cortexa9_0/libsrc/coresightps_dcc_v1_5/src -s libs  "SHELL=CMD" "COMPILER=arm-none-eabi-gcc" "ARCHIVER=arm-none-eabi-ar" "COMPILER_FLAGS=  -O2 -c" "EXTRA_COMPILER_FLAGS=-mcpu=cortex-a9 -mfpu=vfpv3 -mfloat-abi=hard -nostartfiles -g -Wall -Wextra"
"Compiling coresightps_dcc"
"Running Make libs in ps7_cortexa9_0/libsrc/cpu_cortexa9_v2_7/src"
make -C ps7_cortexa9_0/libsrc/cpu_cortexa9_v2_7/src -s libs  "SHELL=CMD" "COMPILER=arm-none-eabi-gcc" "ARCHIVER=arm-none-eabi-ar" "COMPILER_FLAGS=  -O2 -c" "EXTRA_COMPILER_FLAGS=-mcpu=cortex-a9 -mfpu=vfpv3 -mfloat-abi=hard -nostartfiles -g -Wall -Wextra"
"Compiling cpu_cortexa9"
"Running Make libs in ps7_cortexa9_0/libsrc/ddrps_v1_0/src"
make -C ps7_cortexa9_0/libsrc/ddrps_v1_0/src -s libs  "SHELL=CMD" "COMPILER=arm-none-eabi-gcc" "ARCHIVER=arm-none-eabi-ar" "COMPILER_FLAGS=  -O2 -c" "EXTRA_COMPILER_FLAGS=-mcpu=cortex-a9 -mfpu=vfpv3 -mfloat-abi=hard -nostartfiles -g -Wall -Wextra"
"Compiling ddrps"
"Running Make libs in ps7_cortexa9_0/libsrc/devcfg_v3_5/src"
make -C ps7_cortexa9_0/libsrc/devcfg_v3_5/src -s libs  "SHELL=CMD" "COMPILER=arm-none-eabi-gcc" "ARCHIVER=arm-none-eabi-ar" "COMPILER_FLAGS=  -O2 -c" "EXTRA_COMPILER_FLAGS=-mcpu=cortex-a9 -mfpu=vfpv3 -mfloat-abi=hard -nostartfiles -g -Wall -Wextra"
"Compiling devcfg"
"Running Make libs in ps7_cortexa9_0/libsrc/dmaps_v2_4/src"
make -C ps7_cortexa9_0/libsrc/dmaps_v2_4/src -s libs  "SHELL=CMD" "COMPILER=arm-none-eabi-gcc" "ARCHIVER=arm-none-eabi-ar" "COMPILER_FLAGS=  -O2 -c" "EXTRA_COMPILER_FLAGS=-mcpu=cortex-a9 -mfpu=vfpv3 -mfloat-abi=hard -nostartfiles -g -Wall -Wextra"
"Compiling dmaps"
"Running Make libs in ps7_cortexa9_0/libsrc/emacps_v3_9/src"
make -C ps7_cortexa9_0/libsrc/emacps_v3_9/src -s libs  "SHELL=CMD" "COMPILER=arm-none-eabi-gcc" "ARCHIVER=arm-none-eabi-ar" "COMPILER_FLAGS=  -O2 -c" "EXTRA_COMPILER_FLAGS=-mcpu=cortex-a9 -mfpu=vfpv3 -mfloat-abi=hard -nostartfiles -g -Wall -Wextra"
"Compiling emacps"
"Running Make libs in ps7_cortexa9_0/libsrc/gpiops_v3_5/src"
make -C ps7_cortexa9_0/libsrc/gpiops_v3_5/src -s libs  "SHELL=CMD" "COMPILER=arm-none-eabi-gcc" "ARCHIVER=arm-none-eabi-ar" "COMPILER_FLAGS=  -O2 -c" "EXTRA_COMPILER_FLAGS=-mcpu=cortex-a9 -mfpu=vfpv3 -mfloat-abi=hard -nostartfiles -g -Wall -Wextra"
"Compiling gpiops"
"Running Make libs in ps7_cortexa9_0/libsrc/iicps_v3_9/src"
make -C ps7_cortexa9_0/libsrc/iicps_v3_9/src -s libs  "SHELL=CMD" "COMPILER=arm-none-eabi-gcc" "ARCHIVER=arm-none-eabi-ar" "COMPILER_FLAGS=  -O2 -c" "EXTRA_COMPILER_FLAGS=-mcpu=cortex-a9 -mfpu=vfpv3 -mfloat-abi=hard -nostartfiles -g -Wall -Wextra"
"Compiling iicps"
"Running Make libs in ps7_cortexa9_0/libsrc/qspips_v3_6/src"
make -C ps7_cortexa9_0/libsrc/qspips_v3_6/src -s libs  "SHELL=CMD" "COMPILER=arm-none-eabi-gcc" "ARCHIVER=arm-none-eabi-ar" "COMPILER_FLAGS=  -O2 -c" "EXTRA_COMPILER_FLAGS=-mcpu=cortex-a9 -mfpu=vfpv3 -mfloat-abi=hard -nostartfiles -g -Wall -Wextra"
"Compiling qspips"
"Running Make libs in ps7_cortexa9_0/libsrc/scugic_v4_0/src"
make -C ps7_cortexa9_0/libsrc/scugic_v4_0/src -s libs  "SHELL=CMD" "COMPILER=arm-none-eabi-gcc" "ARCHIVER=arm-none-eabi-ar" "COMPILER_FLAGS=  -O2 -c" "EXTRA_COMPILER_FLAGS=-mcpu=cortex-a9 -mfpu=vfpv3 -mfloat-abi=hard -nostartfiles -g -Wall -Wextra"
"Compiling scugic"
"Running Make libs in ps7_cortexa9_0/libsrc/scutimer_v2_1/src"
make -C ps7_cortexa9_0/libsrc/scutimer_v2_1/src -s libs  "SHELL=CMD" "COMPILER=arm-none-eabi-gcc" "ARCHIVER=arm-none-eabi-ar" "COMPILER_FLAGS=  -O2 -c" "EXTRA_COMPILER_FLAGS=-mcpu=cortex-a9 -mfpu=vfpv3 -mfloat-abi=hard -nostartfiles -g -Wall -Wextra"
"Compiling scutimer"
"Running Make libs in ps7_cortexa9_0/libsrc/scuwdt_v2_1/src"
make -C ps7_cortexa9_0/libsrc/scuwdt_v2_1/src -s libs  "SHELL=CMD" "COMPILER=arm-none-eabi-gcc" "ARCHIVER=arm-none-eabi-ar" "COMPILER_FLAGS=  -O2 -c" "EXTRA_COMPILER_FLAGS=-mcpu=cortex-a9 -mfpu=vfpv3 -mfloat-abi=hard -nostartfiles -g -Wall -Wextra"
"Compiling scuwdt"
"Running Make libs in ps7_cortexa9_0/libsrc/sdps_v3_7/src"
make -C ps7_cortexa9_0/libsrc/sdps_v3_7/src -s libs  "SHELL=CMD" "COMPILER=arm-none-eabi-gcc" "ARCHIVER=arm-none-eabi-ar" "COMPILER_FLAGS=  -O2 -c" "EXTRA_COMPILER_FLAGS=-mcpu=cortex-a9 -mfpu=vfpv3 -mfloat-abi=hard -nostartfiles -g -Wall -Wextra"
"Compiling sdps"
"Running Make libs in ps7_cortexa9_0/libsrc/standalone_v7_0/src"
make -C ps7_cortexa9_0/libsrc/standalone_v7_0/src -s libs  "SHELL=CMD" "COMPILER=arm-none-eabi-gcc" "ARCHIVER=arm-none-eabi-ar" "COMPILER_FLAGS=  -O2 -c" "EXTRA_COMPILER_FLAGS=-mcpu=cortex-a9 -mfpu=vfpv3 -mfloat-abi=hard -nostartfiles -g -Wall -Wextra"
"Compiling standalone"
In file included from usleep.c:56:
xtime_l.h:87:9: note: #pragma message: For the sleep routines, Global timer is being used
 #pragma message ("For the sleep routines, Global timer is being used")
         ^~~~~~~
In file included from xil_sleeptimer.c:51:
xtime_l.h:87:9: note: #pragma message: For the sleep routines, Global timer is being used
 #pragma message ("For the sleep routines, Global timer is being used")
         ^~~~~~~
In file included from xtime_l.c:49:
xtime_l.h:87:9: note: #pragma message: For the sleep routines, Global timer is being used
 #pragma message ("For the sleep routines, Global timer is being used")
         ^~~~~~~
In file included from sleep.c:53:
xtime_l.h:87:9: note: #pragma message: For the sleep routines, Global timer is being used
 #pragma message ("For the sleep routines, Global timer is being used")
         ^~~~~~~
"Running Make libs in ps7_cortexa9_0/libsrc/uartps_v3_7/src"
make -C ps7_cortexa9_0/libsrc/uartps_v3_7/src -s libs  "SHELL=CMD" "COMPILER=arm-none-eabi-gcc" "ARCHIVER=arm-none-eabi-ar" "COMPILER_FLAGS=  -O2 -c" "EXTRA_COMPILER_FLAGS=-mcpu=cortex-a9 -mfpu=vfpv3 -mfloat-abi=hard -nostartfiles -g -Wall -Wextra"
"Compiling uartps"
"Running Make libs in ps7_cortexa9_0/libsrc/usbps_v2_4/src"
make -C ps7_cortexa9_0/libsrc/usbps_v2_4/src -s libs  "SHELL=CMD" "COMPILER=arm-none-eabi-gcc" "ARCHIVER=arm-none-eabi-ar" "COMPILER_FLAGS=  -O2 -c" "EXTRA_COMPILER_FLAGS=-mcpu=cortex-a9 -mfpu=vfpv3 -mfloat-abi=hard -nostartfiles -g -Wall -Wextra"
"Compiling usbps"
"Running Make libs in ps7_cortexa9_0/libsrc/xadcps_v2_3/src"
make -C ps7_cortexa9_0/libsrc/xadcps_v2_3/src -s libs  "SHELL=CMD" "COMPILER=arm-none-eabi-gcc" "ARCHIVER=arm-none-eabi-ar" "COMPILER_FLAGS=  -O2 -c" "EXTRA_COMPILER_FLAGS=-mcpu=cortex-a9 -mfpu=vfpv3 -mfloat-abi=hard -nostartfiles -g -Wall -Wextra"
"Compiling xadcps"
'Finished building libraries'
17:09:54 **** Build of configuration Debug for project CLUSTER_BEF ****
make pre-build main-build 
a9-linaro-pre-build-step
' '
'Building file: ../src/main.cc'
'Invoking: ARM v7 g++ compiler'
arm-none-eabi-g++ -Wall -O0 -g3 -c -fmessage-length=0 -MT"src/main.o" -mcpu=cortex-a9 -mfpu=vfpv3 -mfloat-abi=hard -I../../CLUSTER_BEF_bsp/ps7_cortexa9_0/include -MMD -MP -MF"src/main.d" -MT"src/main.o" -o "src/main.o" "../src/main.cc"
'Finished building: ../src/main.cc'
' '
'Building target: CLUSTER_BEF.elf'
'Invoking: ARM v7 g++ linker'
arm-none-eabi-g++ -mcpu=cortex-a9 -mfpu=vfpv3 -mfloat-abi=hard -Wl,-build-id=none -specs=Xilinx.spec -Wl,-T -Wl,../src/lscript.ld -L../../CLUSTER_BEF_bsp/ps7_cortexa9_0/lib -o "CLUSTER_BEF.elf"  ./src/main.o   -Wl,--start-group,-lxil,-lgcc,-lc,-lstdc++,--end-group
'Finished building target: CLUSTER_BEF.elf'
' '
'Invoking: ARM v7 Print Size'
arm-none-eabi-size CLUSTER_BEF.elf  |tee "CLUSTER_BEF.elf.size"
   text	   data	    bss	    dec	    hex	filename
  18736	   1144	  22576	  42456	   a5d8	CLUSTER_BEF.elf
'Finished building: CLUSTER_BEF.elf.size'
' '
17:09:57 **** Auto Build of configuration Debug for project CLUSTER_BEF ****
make pre-build main-build 
a9-linaro-pre-build-step
' '
make: Nothing to be done for 'main-build'.
17:13:34 **** Clean-only build of configuration Debug for project CLUSTER_BEF ****
make clean 
rm -rf  ./src/main.d  ./src/main.o  CLUSTER_BEF.elf.size  CLUSTER_BEF.elf
' '

****  of configuration Debug for project CLUSTER_BEF ****

Nothing to build for project CLUSTER_BEF
17:19:25 **** Auto Build of configuration Debug for project CLUSTER_BEF ****
make pre-build main-build 
a9-linaro-pre-build-step
' '
'Building file: C:/COSMOS_KJH/CosmosPlus_Cluster/CosmosPlus_DFTL_Cluster_Bef/Cluster_Bef/target/cosmos_plus/cosmos_plus_system.c'
'Invoking: ARM v7 g++ compiler'
arm-none-eabi-g++ -Wall -O0 -g3 -c -fmessage-length=0 -MT"src/target/cosmos_plus/cosmos_plus_system.o" -mcpu=cortex-a9 -mfpu=vfpv3 -mfloat-abi=hard -I../../CLUSTER_BEF_bsp/ps7_cortexa9_0/include -MMD -MP -MF"src/target/cosmos_plus/cosmos_plus_system.d" -MT"src/target/cosmos_plus/cosmos_plus_system.o" -o "src/target/cosmos_plus/cosmos_plus_system.o" "C:/COSMOS_KJH/CosmosPlus_Cluster/CosmosPlus_DFTL_Cluster_Bef/Cluster_Bef/target/cosmos_plus/cosmos_plus_system.c"
C:/COSMOS_KJH/CosmosPlus_Cluster/CosmosPlus_DFTL_Cluster_Bef/Cluster_Bef/target/cosmos_plus/cosmos_plus_system.c:8:10: fatal error: debug.h: No such file or directory
 #include "debug.h"
          ^~~~~~~~~
compilation terminated.
make: *** [src/target/cosmos_plus/subdir.mk:20: src/target/cosmos_plus/cosmos_plus_system.o] Error 1
17:20:17 **** Clean-only build of configuration Debug for project CLUSTER_BEF ****
make clean 
rm -rf  ./src/target/cosmos_plus/cosmos_plus_system.o  ./src/target/main.o ./src/target/osal.o  ./src/hil/nvme/host_lld.o ./src/hil/nvme/nvme_admin_cmd.o ./src/hil/nvme/nvme_identify.o ./src/hil/nvme/nvme_io_cmd.o ./src/hil/nvme/nvme_main.o  ./src/hil/hil.o  ./src/ftl/dftl/dftl_activeblock.o ./src/ftl/dftl/dftl_block.o ./src/ftl/dftl/dftl_bufferpool.o ./src/ftl/dftl/dftl_external_interface.o ./src/ftl/dftl/dftl_garbagecollector.o ./src/ftl/dftl/dftl_global.o ./src/ftl/dftl/dftl_hdma.o ./src/ftl/dftl/dftl_meta.o ./src/ftl/dftl/dftl_profile.o ./src/ftl/dftl/dftl_request.o ./src/ftl/dftl/dftl_request_gc.o ./src/ftl/dftl/dftl_request_hil.o ./src/ftl/dftl/dftl_request_meta.o ./src/ftl/dftl/dftl_vnand.o  ./src/ftl/template.o ./src/ftl/template_cpp.o  ./src/fil/fil.o ./src/fil/fil_nand.o ./src/fil/fil_request.o ./src/fil/nsc_driver.o  ./src/common/list.o ./src/common/random.o ./src/common/statistics.o ./src/common/util.o  ./src/target/cosmos_plus/cosmos_plus_system.d  ./src/target/main.d ./src/target/osal.d  ./src/hil/nvme/host_lld.d ./src/hil/nvme/nvme_admin_cmd.d ./src/hil/nvme/nvme_identify.d ./src/hil/nvme/nvme_io_cmd.d ./src/hil/nvme/nvme_main.d  ./src/hil/hil.d  ./src/ftl/template.d  ./src/fil/fil.d ./src/fil/fil_nand.d ./src/fil/fil_request.d ./src/fil/nsc_driver.d  ./src/common/list.d ./src/common/random.d ./src/common/statistics.d ./src/common/util.d  ./src/ftl/dftl/dftl_activeblock.d ./src/ftl/dftl/dftl_block.d ./src/ftl/dftl/dftl_bufferpool.d ./src/ftl/dftl/dftl_external_interface.d ./src/ftl/dftl/dftl_garbagecollector.d ./src/ftl/dftl/dftl_global.d ./src/ftl/dftl/dftl_hdma.d ./src/ftl/dftl/dftl_meta.d ./src/ftl/dftl/dftl_profile.d ./src/ftl/dftl/dftl_request.d ./src/ftl/dftl/dftl_request_gc.d ./src/ftl/dftl/dftl_request_hil.d ./src/ftl/dftl/dftl_request_meta.d ./src/ftl/dftl/dftl_vnand.d  ./src/ftl/template_cpp.d  CLUSTER_BEF.elf.size  CLUSTER_BEF.elf
' '
17:20:17 **** Auto Build of configuration Debug for project CLUSTER_BEF ****
make pre-build main-build 
a9-linaro-pre-build-step
' '
'Building file: C:/COSMOS_KJH/CosmosPlus_Cluster/CosmosPlus_DFTL_Cluster_Bef/Cluster_Bef/target/cosmos_plus/cosmos_plus_system.c'
'Invoking: ARM v7 g++ compiler'
arm-none-eabi-g++ -DDFTL=1 -DCOSMOS_PLUS=1 -Wall -O0 -g3 -I../../CLUSTER_BEF_bsp/ps7_cortexa9_0/include -I../../../../common -I../../../../fil -I../../../../ftl -I../../../../ftl/dftl -I../../../../hil -I../../../../hil/nvme -I../../../../target -I../../../../target/cosmos_plus -c -fmessage-length=0 -MT"src/target/cosmos_plus/cosmos_plus_system.o" -mcpu=cortex-a9 -mfpu=vfpv3 -mfloat-abi=hard -MMD -MP -MF"src/target/cosmos_plus/cosmos_plus_system.d" -MT"src/target/cosmos_plus/cosmos_plus_system.o" -o "src/target/cosmos_plus/cosmos_plus_system.o" "C:/COSMOS_KJH/CosmosPlus_Cluster/CosmosPlus_DFTL_Cluster_Bef/Cluster_Bef/target/cosmos_plus/cosmos_plus_system.c"
'Finished building: C:/COSMOS_KJH/CosmosPlus_Cluster/CosmosPlus_DFTL_Cluster_Bef/Cluster_Bef/target/cosmos_plus/cosmos_plus_system.c'
' '
'Building file: C:/COSMOS_KJH/CosmosPlus_Cluster/CosmosPlus_DFTL_Cluster_Bef/Cluster_Bef/target/main.c'
'Invoking: ARM v7 g++ compiler'
arm-none-eabi-g++ -DDFTL=1 -DCOSMOS_PLUS=1 -Wall -O0 -g3 -I../../CLUSTER_BEF_bsp/ps7_cortexa9_0/include -I../../../../common -I../../../../fil -I../../../../ftl -I../../../../ftl/dftl -I../../../../hil -I../../../../hil/nvme -I../../../../target -I../../../../target/cosmos_plus -c -fmessage-length=0 -MT"src/target/main.o" -mcpu=cortex-a9 -mfpu=vfpv3 -mfloat-abi=hard -MMD -MP -MF"src/target/main.d" -MT"src/target/main.o" -o "src/target/main.o" "C:/COSMOS_KJH/CosmosPlus_Cluster/CosmosPlus_DFTL_Cluster_Bef/Cluster_Bef/target/main.c"
'Finished building: C:/COSMOS_KJH/CosmosPlus_Cluster/CosmosPlus_DFTL_Cluster_Bef/Cluster_Bef/target/main.c'
' '
'Building file: C:/COSMOS_KJH/CosmosPlus_Cluster/CosmosPlus_DFTL_Cluster_Bef/Cluster_Bef/target/osal.c'
'Invoking: ARM v7 g++ compiler'
arm-none-eabi-g++ -DDFTL=1 -DCOSMOS_PLUS=1 -Wall -O0 -g3 -I../../CLUSTER_BEF_bsp/ps7_cortexa9_0/include -I../../../../common -I../../../../fil -I../../../../ftl -I../../../../ftl/dftl -I../../../../hil -I../../../../hil/nvme -I../../../../target -I../../../../target/cosmos_plus -c -fmessage-length=0 -MT"src/target/osal.o" -mcpu=cortex-a9 -mfpu=vfpv3 -mfloat-abi=hard -MMD -MP -MF"src/target/osal.d" -MT"src/target/osal.o" -o "src/target/osal.o" "C:/COSMOS_KJH/CosmosPlus_Cluster/CosmosPlus_DFTL_Cluster_Bef/Cluster_Bef/target/osal.c"
In file included from C:/COSMOS_KJH/CosmosPlus_Cluster/CosmosPlus_DFTL_Cluster_Bef/Cluster_Bef/target/osal.c:20:
../../CLUSTER_BEF_bsp/ps7_cortexa9_0/include/Xtime_l.h:87:70: note: #pragma message: For the sleep routines, Global timer is being used
 #pragma message ("For the sleep routines, Global timer is being used")
                                                                      ^
'Finished building: C:/COSMOS_KJH/CosmosPlus_Cluster/CosmosPlus_DFTL_Cluster_Bef/Cluster_Bef/target/osal.c'
' '
'Building file: C:/COSMOS_KJH/CosmosPlus_Cluster/CosmosPlus_DFTL_Cluster_Bef/Cluster_Bef/hil/nvme/host_lld.c'
'Invoking: ARM v7 g++ compiler'
arm-none-eabi-g++ -DDFTL=1 -DCOSMOS_PLUS=1 -Wall -O0 -g3 -I../../CLUSTER_BEF_bsp/ps7_cortexa9_0/include -I../../../../common -I../../../../fil -I../../../../ftl -I../../../../ftl/dftl -I../../../../hil -I../../../../hil/nvme -I../../../../target -I../../../../target/cosmos_plus -c -fmessage-length=0 -MT"src/hil/nvme/host_lld.o" -mcpu=cortex-a9 -mfpu=vfpv3 -mfloat-abi=hard -MMD -MP -MF"src/hil/nvme/host_lld.d" -MT"src/hil/nvme/host_lld.o" -o "src/hil/nvme/host_lld.o" "C:/COSMOS_KJH/CosmosPlus_Cluster/CosmosPlus_DFTL_Cluster_Bef/Cluster_Bef/hil/nvme/host_lld.c"
C:/COSMOS_KJH/CosmosPlus_Cluster/CosmosPlus_DFTL_Cluster_Bef/Cluster_Bef/hil/nvme/host_lld.c: In function 'void set_nvme_slot_release(unsigned int)':
C:/COSMOS_KJH/CosmosPlus_Cluster/CosmosPlus_DFTL_Cluster_Bef/Cluster_Bef/hil/nvme/host_lld.c:375:52: warning: 'nvmeReg._NVME_CPL_FIFO_REG::<anonymous>._NVME_CPL_FIFO_REG::<unnamed union>::dword[0]' is used uninitialized in this function [-Wuninitialized]
  IO_WRITE32(NVME_CPL_FIFO_REG_ADDR, nvmeReg.dword[0]);
                                                    ^
C:/COSMOS_KJH/CosmosPlus_Cluster/CosmosPlus_DFTL_Cluster_Bef/Cluster_Bef/hil/nvme/host_lld.c: In function 'void set_direct_tx_dma(unsigned int, unsigned int, unsigned int, unsigned int)':
C:/COSMOS_KJH/CosmosPlus_Cluster/CosmosPlus_DFTL_Cluster_Bef/Cluster_Bef/hil/nvme/host_lld.c:449:66: warning: 'hostDmaReg._HOST_DMA_CMD_FIFO_REG::<anonymous>._HOST_DMA_CMD_FIFO_REG::<unnamed union>::dword[4]' may be used uninitialized in this function [-Wmaybe-uninitialized]
  IO_WRITE32((HOST_DMA_CMD_FIFO_REG_ADDR + 16), hostDmaReg.dword[4]);//slot_modified
                                                                  ^
C:/COSMOS_KJH/CosmosPlus_Cluster/CosmosPlus_DFTL_Cluster_Bef/Cluster_Bef/hil/nvme/host_lld.c: In function 'void set_direct_rx_dma(unsigned int, unsigned int, unsigned int, unsigned int)':
C:/COSMOS_KJH/CosmosPlus_Cluster/CosmosPlus_DFTL_Cluster_Bef/Cluster_Bef/hil/nvme/host_lld.c:474:66: warning: 'hostDmaReg._HOST_DMA_CMD_FIFO_REG::<anonymous>._HOST_DMA_CMD_FIFO_REG::<unnamed union>::dword[4]' may be used uninitialized in this function [-Wmaybe-uninitialized]
  IO_WRITE32((HOST_DMA_CMD_FIFO_REG_ADDR + 16), hostDmaReg.dword[4]);//slot_modified
                                                                  ^
'Finished building: C:/COSMOS_KJH/CosmosPlus_Cluster/CosmosPlus_DFTL_Cluster_Bef/Cluster_Bef/hil/nvme/host_lld.c'
' '
'Building file: C:/COSMOS_KJH/CosmosPlus_Cluster/CosmosPlus_DFTL_Cluster_Bef/Cluster_Bef/hil/nvme/nvme_admin_cmd.c'
'Invoking: ARM v7 g++ compiler'
arm-none-eabi-g++ -DDFTL=1 -DCOSMOS_PLUS=1 -Wall -O0 -g3 -I../../CLUSTER_BEF_bsp/ps7_cortexa9_0/include -I../../../../common -I../../../../fil -I../../../../ftl -I../../../../ftl/dftl -I../../../../hil -I../../../../hil/nvme -I../../../../target -I../../../../target/cosmos_plus -c -fmessage-length=0 -MT"src/hil/nvme/nvme_admin_cmd.o" -mcpu=cortex-a9 -mfpu=vfpv3 -mfloat-abi=hard -MMD -MP -MF"src/hil/nvme/nvme_admin_cmd.d" -MT"src/hil/nvme/nvme_admin_cmd.o" -o "src/hil/nvme/nvme_admin_cmd.o" "C:/COSMOS_KJH/CosmosPlus_Cluster/CosmosPlus_DFTL_Cluster_Bef/Cluster_Bef/hil/nvme/nvme_admin_cmd.c"
In file included from ../../../../ftl/dftl/dftl_internal.h:61,
                 from C:/COSMOS_KJH/CosmosPlus_Cluster/CosmosPlus_DFTL_Cluster_Bef/Cluster_Bef/hil/nvme/nvme_admin_cmd.c:58:
../../../../ftl/dftl/dftl_profile.h:63:15: warning: 'DFTL_profile' defined but not used [-Wunused-variable]
 static UINT32 DFTL_profile[Prof_Total_Num];
               ^~~~~~~~~~~~
'Finished building: C:/COSMOS_KJH/CosmosPlus_Cluster/CosmosPlus_DFTL_Cluster_Bef/Cluster_Bef/hil/nvme/nvme_admin_cmd.c'
' '
'Building file: C:/COSMOS_KJH/CosmosPlus_Cluster/CosmosPlus_DFTL_Cluster_Bef/Cluster_Bef/hil/nvme/nvme_identify.c'
'Invoking: ARM v7 g++ compiler'
arm-none-eabi-g++ -DDFTL=1 -DCOSMOS_PLUS=1 -Wall -O0 -g3 -I../../CLUSTER_BEF_bsp/ps7_cortexa9_0/include -I../../../../common -I../../../../fil -I../../../../ftl -I../../../../ftl/dftl -I../../../../hil -I../../../../hil/nvme -I../../../../target -I../../../../target/cosmos_plus -c -fmessage-length=0 -MT"src/hil/nvme/nvme_identify.o" -mcpu=cortex-a9 -mfpu=vfpv3 -mfloat-abi=hard -MMD -MP -MF"src/hil/nvme/nvme_identify.d" -MT"src/hil/nvme/nvme_identify.o" -o "src/hil/nvme/nvme_identify.o" "C:/COSMOS_KJH/CosmosPlus_Cluster/CosmosPlus_DFTL_Cluster_Bef/Cluster_Bef/hil/nvme/nvme_identify.c"
'Finished building: C:/COSMOS_KJH/CosmosPlus_Cluster/CosmosPlus_DFTL_Cluster_Bef/Cluster_Bef/hil/nvme/nvme_identify.c'
' '
'Building file: C:/COSMOS_KJH/CosmosPlus_Cluster/CosmosPlus_DFTL_Cluster_Bef/Cluster_Bef/hil/nvme/nvme_io_cmd.c'
'Invoking: ARM v7 g++ compiler'
arm-none-eabi-g++ -DDFTL=1 -DCOSMOS_PLUS=1 -Wall -O0 -g3 -I../../CLUSTER_BEF_bsp/ps7_cortexa9_0/include -I../../../../common -I../../../../fil -I../../../../ftl -I../../../../ftl/dftl -I../../../../hil -I../../../../hil/nvme -I../../../../target -I../../../../target/cosmos_plus -c -fmessage-length=0 -MT"src/hil/nvme/nvme_io_cmd.o" -mcpu=cortex-a9 -mfpu=vfpv3 -mfloat-abi=hard -MMD -MP -MF"src/hil/nvme/nvme_io_cmd.d" -MT"src/hil/nvme/nvme_io_cmd.o" -o "src/hil/nvme/nvme_io_cmd.o" "C:/COSMOS_KJH/CosmosPlus_Cluster/CosmosPlus_DFTL_Cluster_Bef/Cluster_Bef/hil/nvme/nvme_io_cmd.c"
'Finished building: C:/COSMOS_KJH/CosmosPlus_Cluster/CosmosPlus_DFTL_Cluster_Bef/Cluster_Bef/hil/nvme/nvme_io_cmd.c'
' '
'Building file: C:/COSMOS_KJH/CosmosPlus_Cluster/CosmosPlus_DFTL_Cluster_Bef/Cluster_Bef/hil/nvme/nvme_main.c'
'Invoking: ARM v7 g++ compiler'
arm-none-eabi-g++ -DDFTL=1 -DCOSMOS_PLUS=1 -Wall -O0 -g3 -I../../CLUSTER_BEF_bsp/ps7_cortexa9_0/include -I../../../../common -I../../../../fil -I../../../../ftl -I../../../../ftl/dftl -I../../../../hil -I../../../../hil/nvme -I../../../../target -I../../../../target/cosmos_plus -c -fmessage-length=0 -MT"src/hil/nvme/nvme_main.o" -mcpu=cortex-a9 -mfpu=vfpv3 -mfloat-abi=hard -MMD -MP -MF"src/hil/nvme/nvme_main.d" -MT"src/hil/nvme/nvme_main.o" -o "src/hil/nvme/nvme_main.o" "C:/COSMOS_KJH/CosmosPlus_Cluster/CosmosPlus_DFTL_Cluster_Bef/Cluster_Bef/hil/nvme/nvme_main.c"
C:/COSMOS_KJH/CosmosPlus_Cluster/CosmosPlus_DFTL_Cluster_Bef/Cluster_Bef/hil/nvme/nvme_main.c: In function 'void nvme_run()':
C:/COSMOS_KJH/CosmosPlus_Cluster/CosmosPlus_DFTL_Cluster_Bef/Cluster_Bef/hil/nvme/nvme_main.c:120:15: warning: variable 'exeLlr' set but not used [-Wunused-but-set-variable]
  unsigned int exeLlr;   // dy, execute low level request
               ^~~~~~
C:/COSMOS_KJH/CosmosPlus_Cluster/CosmosPlus_DFTL_Cluster_Bef/Cluster_Bef/hil/nvme/nvme_main.c: At global scope:
C:/COSMOS_KJH/CosmosPlus_Cluster/CosmosPlus_DFTL_Cluster_Bef/Cluster_Bef/hil/nvme/nvme_main.c:116:12: warning: 'bPrintProfileCount' defined but not used [-Wunused-variable]
 static int bPrintProfileCount = 0;
            ^~~~~~~~~~~~~~~~~~
C:/COSMOS_KJH/CosmosPlus_Cluster/CosmosPlus_DFTL_Cluster_Bef/Cluster_Bef/hil/nvme/nvme_main.c:115:12: warning: 'bInitProfileCount' defined but not used [-Wunused-variable]
 static int bInitProfileCount = 0;
            ^~~~~~~~~~~~~~~~~
In file included from ../../../../ftl/dftl/dftl_internal.h:61,
                 from C:/COSMOS_KJH/CosmosPlus_Cluster/CosmosPlus_DFTL_Cluster_Bef/Cluster_Bef/hil/nvme/nvme_main.c:68:
../../../../ftl/dftl/dftl_profile.h:63:15: warning: 'DFTL_profile' defined but not used [-Wunused-variable]
 static UINT32 DFTL_profile[Prof_Total_Num];
               ^~~~~~~~~~~~
'Finished building: C:/COSMOS_KJH/CosmosPlus_Cluster/CosmosPlus_DFTL_Cluster_Bef/Cluster_Bef/hil/nvme/nvme_main.c'
' '
'Building file: C:/COSMOS_KJH/CosmosPlus_Cluster/CosmosPlus_DFTL_Cluster_Bef/Cluster_Bef/hil/hil.c'
'Invoking: ARM v7 g++ compiler'
arm-none-eabi-g++ -DDFTL=1 -DCOSMOS_PLUS=1 -Wall -O0 -g3 -I../../CLUSTER_BEF_bsp/ps7_cortexa9_0/include -I../../../../common -I../../../../fil -I../../../../ftl -I../../../../ftl/dftl -I../../../../hil -I../../../../hil/nvme -I../../../../target -I../../../../target/cosmos_plus -c -fmessage-length=0 -MT"src/hil/hil.o" -mcpu=cortex-a9 -mfpu=vfpv3 -mfloat-abi=hard -MMD -MP -MF"src/hil/hil.d" -MT"src/hil/hil.o" -o "src/hil/hil.o" "C:/COSMOS_KJH/CosmosPlus_Cluster/CosmosPlus_DFTL_Cluster_Bef/Cluster_Bef/hil/hil.c"
'Finished building: C:/COSMOS_KJH/CosmosPlus_Cluster/CosmosPlus_DFTL_Cluster_Bef/Cluster_Bef/hil/hil.c'
' '
'Building file: C:/COSMOS_KJH/CosmosPlus_Cluster/CosmosPlus_DFTL_Cluster_Bef/Cluster_Bef/ftl/dftl/dftl_activeblock.cpp'
'Invoking: ARM v7 g++ compiler'
arm-none-eabi-g++ -DDFTL=1 -DCOSMOS_PLUS=1 -Wall -O0 -g3 -I../../CLUSTER_BEF_bsp/ps7_cortexa9_0/include -I../../../../common -I../../../../fil -I../../../../ftl -I../../../../ftl/dftl -I../../../../hil -I../../../../hil/nvme -I../../../../target -I../../../../target/cosmos_plus -c -fmessage-length=0 -MT"src/ftl/dftl/dftl_activeblock.o" -mcpu=cortex-a9 -mfpu=vfpv3 -mfloat-abi=hard -MMD -MP -MF"src/ftl/dftl/dftl_activeblock.d" -MT"src/ftl/dftl/dftl_activeblock.o" -o "src/ftl/dftl/dftl_activeblock.o" "C:/COSMOS_KJH/CosmosPlus_Cluster/CosmosPlus_DFTL_Cluster_Bef/Cluster_Bef/ftl/dftl/dftl_activeblock.cpp"
In file included from C:/COSMOS_KJH/CosmosPlus_Cluster/CosmosPlus_DFTL_Cluster_Bef/Cluster_Bef/ftl/dftl/dftl_internal.h:25,
                 from C:/COSMOS_KJH/CosmosPlus_Cluster/CosmosPlus_DFTL_Cluster_Bef/Cluster_Bef/ftl/dftl/dftl_activeblock.cpp:17:
C:/COSMOS_KJH/CosmosPlus_Cluster/CosmosPlus_DFTL_Cluster_Bef/Cluster_Bef/ftl/dftl/dftl_activeblock.h: In constructor 'ACTIVE_BLOCK::ACTIVE_BLOCK()':
../../../../common/cosmos_types.h:108:43: warning: 'ACTIVE_BLOCK::m_nCurProgramBuffering' will be initialized after [-Wreorder]
 #define ACTIVE_BLOCK_BUFFERING_INDEX_BITS 8
                                           ^
C:/COSMOS_KJH/CosmosPlus_Cluster/CosmosPlus_DFTL_Cluster_Bef/Cluster_Bef/ftl/dftl/dftl_activeblock.h:82:40: note: in expansion of macro 'ACTIVE_BLOCK_BUFFERING_INDEX_BITS'
  unsigned int m_nCurProgramBuffering : ACTIVE_BLOCK_BUFFERING_INDEX_BITS;
                                        ^~~~~~~~~~~~~~~~~~~~~~~~~~~~~~~~~
In file included from C:/COSMOS_KJH/CosmosPlus_Cluster/CosmosPlus_DFTL_Cluster_Bef/Cluster_Bef/ftl/dftl/dftl_internal.h:52,
                 from C:/COSMOS_KJH/CosmosPlus_Cluster/CosmosPlus_DFTL_Cluster_Bef/Cluster_Bef/ftl/dftl/dftl_activeblock.cpp:17:
C:/COSMOS_KJH/CosmosPlus_Cluster/CosmosPlus_DFTL_Cluster_Bef/Cluster_Bef/ftl/dftl/dftl_activeblock.h:75:11: warning:   'UINT32 ACTIVE_BLOCK::m_nCurVPPN' [-Wreorder]
  UINT32   m_nCurVPPN;    // PPN recently written
           ^~~~~~~~~~
C:/COSMOS_KJH/CosmosPlus_Cluster/CosmosPlus_DFTL_Cluster_Bef/Cluster_Bef/ftl/dftl/dftl_activeblock.cpp:134:1: warning:   when initialized here [-Wreorder]
 ACTIVE_BLOCK::ACTIVE_BLOCK(VOID)
 ^~~~~~~~~~~~
In file included from C:/COSMOS_KJH/CosmosPlus_Cluster/CosmosPlus_DFTL_Cluster_Bef/Cluster_Bef/ftl/dftl/dftl_internal.h:52,
                 from C:/COSMOS_KJH/CosmosPlus_Cluster/CosmosPlus_DFTL_Cluster_Bef/Cluster_Bef/ftl/dftl/dftl_activeblock.cpp:17:
C:/COSMOS_KJH/CosmosPlus_Cluster/CosmosPlus_DFTL_Cluster_Bef/Cluster_Bef/ftl/dftl/dftl_activeblock.h:75:11: warning: 'ACTIVE_BLOCK::m_nCurVPPN' will be initialized after [-Wreorder]
  UINT32   m_nCurVPPN;    // PPN recently written
           ^~~~~~~~~~
C:/COSMOS_KJH/CosmosPlus_Cluster/CosmosPlus_DFTL_Cluster_Bef/Cluster_Bef/ftl/dftl/dftl_activeblock.h:74:11: warning:   'UINT32 ACTIVE_BLOCK::m_nVBN' [-Wreorder]
  UINT32   m_nVBN;
           ^~~~~~
C:/COSMOS_KJH/CosmosPlus_Cluster/CosmosPlus_DFTL_Cluster_Bef/Cluster_Bef/ftl/dftl/dftl_activeblock.cpp:134:1: warning:   when initialized here [-Wreorder]
 ACTIVE_BLOCK::ACTIVE_BLOCK(VOID)
 ^~~~~~~~~~~~
C:/COSMOS_KJH/CosmosPlus_Cluster/CosmosPlus_DFTL_Cluster_Bef/Cluster_Bef/ftl/dftl/dftl_activeblock.cpp: In member function 'UINT32 ACTIVE_BLOCK_MGR::ReadBufferingLPN(UINT32, BUFFER_ENTRY*, IOTYPE)':
C:/COSMOS_KJH/CosmosPlus_Cluster/CosmosPlus_DFTL_Cluster_Bef/Cluster_Bef/ftl/dftl/dftl_activeblock.cpp:707:16: warning: unused variable 'pstActiveBlock' [-Wunused-variable]
  ACTIVE_BLOCK* pstActiveBlock;
                ^~~~~~~~~~~~~~
In file included from C:/COSMOS_KJH/CosmosPlus_Cluster/CosmosPlus_DFTL_Cluster_Bef/Cluster_Bef/ftl/dftl/dftl_internal.h:61,
                 from C:/COSMOS_KJH/CosmosPlus_Cluster/CosmosPlus_DFTL_Cluster_Bef/Cluster_Bef/ftl/dftl/dftl_activeblock.cpp:17:
C:/COSMOS_KJH/CosmosPlus_Cluster/CosmosPlus_DFTL_Cluster_Bef/Cluster_Bef/ftl/dftl/dftl_profile.h: At global scope:
C:/COSMOS_KJH/CosmosPlus_Cluster/CosmosPlus_DFTL_Cluster_Bef/Cluster_Bef/ftl/dftl/dftl_profile.h:63:15: warning: 'DFTL_profile' defined but not used [-Wunused-variable]
 static UINT32 DFTL_profile[Prof_Total_Num];
               ^~~~~~~~~~~~
'Finished building: C:/COSMOS_KJH/CosmosPlus_Cluster/CosmosPlus_DFTL_Cluster_Bef/Cluster_Bef/ftl/dftl/dftl_activeblock.cpp'
' '
'Building file: C:/COSMOS_KJH/CosmosPlus_Cluster/CosmosPlus_DFTL_Cluster_Bef/Cluster_Bef/ftl/dftl/dftl_block.cpp'
'Invoking: ARM v7 g++ compiler'
arm-none-eabi-g++ -DDFTL=1 -DCOSMOS_PLUS=1 -Wall -O0 -g3 -I../../CLUSTER_BEF_bsp/ps7_cortexa9_0/include -I../../../../common -I../../../../fil -I../../../../ftl -I../../../../ftl/dftl -I../../../../hil -I../../../../hil/nvme -I../../../../target -I../../../../target/cosmos_plus -c -fmessage-length=0 -MT"src/ftl/dftl/dftl_block.o" -mcpu=cortex-a9 -mfpu=vfpv3 -mfloat-abi=hard -MMD -MP -MF"src/ftl/dftl/dftl_block.d" -MT"src/ftl/dftl/dftl_block.o" -o "src/ftl/dftl/dftl_block.o" "C:/COSMOS_KJH/CosmosPlus_Cluster/CosmosPlus_DFTL_Cluster_Bef/Cluster_Bef/ftl/dftl/dftl_block.cpp"
In file included from C:/COSMOS_KJH/CosmosPlus_Cluster/CosmosPlus_DFTL_Cluster_Bef/Cluster_Bef/ftl/dftl/dftl_internal.h:61,
                 from C:/COSMOS_KJH/CosmosPlus_Cluster/CosmosPlus_DFTL_Cluster_Bef/Cluster_Bef/ftl/dftl/dftl_block.cpp:17:
C:/COSMOS_KJH/CosmosPlus_Cluster/CosmosPlus_DFTL_Cluster_Bef/Cluster_Bef/ftl/dftl/dftl_profile.h:63:15: warning: 'DFTL_profile' defined but not used [-Wunused-variable]
 static UINT32 DFTL_profile[Prof_Total_Num];
               ^~~~~~~~~~~~
'Finished building: C:/COSMOS_KJH/CosmosPlus_Cluster/CosmosPlus_DFTL_Cluster_Bef/Cluster_Bef/ftl/dftl/dftl_block.cpp'
' '
'Building file: C:/COSMOS_KJH/CosmosPlus_Cluster/CosmosPlus_DFTL_Cluster_Bef/Cluster_Bef/ftl/dftl/dftl_bufferpool.cpp'
'Invoking: ARM v7 g++ compiler'
arm-none-eabi-g++ -DDFTL=1 -DCOSMOS_PLUS=1 -Wall -O0 -g3 -I../../CLUSTER_BEF_bsp/ps7_cortexa9_0/include -I../../../../common -I../../../../fil -I../../../../ftl -I../../../../ftl/dftl -I../../../../hil -I../../../../hil/nvme -I../../../../target -I../../../../target/cosmos_plus -c -fmessage-length=0 -MT"src/ftl/dftl/dftl_bufferpool.o" -mcpu=cortex-a9 -mfpu=vfpv3 -mfloat-abi=hard -MMD -MP -MF"src/ftl/dftl/dftl_bufferpool.d" -MT"src/ftl/dftl/dftl_bufferpool.o" -o "src/ftl/dftl/dftl_bufferpool.o" "C:/COSMOS_KJH/CosmosPlus_Cluster/CosmosPlus_DFTL_Cluster_Bef/Cluster_Bef/ftl/dftl/dftl_bufferpool.cpp"
In file included from C:/COSMOS_KJH/CosmosPlus_Cluster/CosmosPlus_DFTL_Cluster_Bef/Cluster_Bef/ftl/dftl/dftl_internal.h:61,
                 from C:/COSMOS_KJH/CosmosPlus_Cluster/CosmosPlus_DFTL_Cluster_Bef/Cluster_Bef/ftl/dftl/dftl_bufferpool.cpp:17:
C:/COSMOS_KJH/CosmosPlus_Cluster/CosmosPlus_DFTL_Cluster_Bef/Cluster_Bef/ftl/dftl/dftl_profile.h:63:15: warning: 'DFTL_profile' defined but not used [-Wunused-variable]
 static UINT32 DFTL_profile[Prof_Total_Num];
               ^~~~~~~~~~~~
'Finished building: C:/COSMOS_KJH/CosmosPlus_Cluster/CosmosPlus_DFTL_Cluster_Bef/Cluster_Bef/ftl/dftl/dftl_bufferpool.cpp'
' '
'Building file: C:/COSMOS_KJH/CosmosPlus_Cluster/CosmosPlus_DFTL_Cluster_Bef/Cluster_Bef/ftl/dftl/dftl_external_interface.cpp'
'Invoking: ARM v7 g++ compiler'
arm-none-eabi-g++ -DDFTL=1 -DCOSMOS_PLUS=1 -Wall -O0 -g3 -I../../CLUSTER_BEF_bsp/ps7_cortexa9_0/include -I../../../../common -I../../../../fil -I../../../../ftl -I../../../../ftl/dftl -I../../../../hil -I../../../../hil/nvme -I../../../../target -I../../../../target/cosmos_plus -c -fmessage-length=0 -MT"src/ftl/dftl/dftl_external_interface.o" -mcpu=cortex-a9 -mfpu=vfpv3 -mfloat-abi=hard -MMD -MP -MF"src/ftl/dftl/dftl_external_interface.d" -MT"src/ftl/dftl/dftl_external_interface.o" -o "src/ftl/dftl/dftl_external_interface.o" "C:/COSMOS_KJH/CosmosPlus_Cluster/CosmosPlus_DFTL_Cluster_Bef/Cluster_Bef/ftl/dftl/dftl_external_interface.cpp"
In file included from C:/COSMOS_KJH/CosmosPlus_Cluster/CosmosPlus_DFTL_Cluster_Bef/Cluster_Bef/ftl/dftl/dftl_internal.h:61,
                 from C:/COSMOS_KJH/CosmosPlus_Cluster/CosmosPlus_DFTL_Cluster_Bef/Cluster_Bef/ftl/dftl/dftl_external_interface.cpp:17:
C:/COSMOS_KJH/CosmosPlus_Cluster/CosmosPlus_DFTL_Cluster_Bef/Cluster_Bef/ftl/dftl/dftl_profile.h:63:15: warning: 'DFTL_profile' defined but not used [-Wunused-variable]
 static UINT32 DFTL_profile[Prof_Total_Num];
               ^~~~~~~~~~~~
'Finished building: C:/COSMOS_KJH/CosmosPlus_Cluster/CosmosPlus_DFTL_Cluster_Bef/Cluster_Bef/ftl/dftl/dftl_external_interface.cpp'
' '
'Building file: C:/COSMOS_KJH/CosmosPlus_Cluster/CosmosPlus_DFTL_Cluster_Bef/Cluster_Bef/ftl/dftl/dftl_garbagecollector.cpp'
'Invoking: ARM v7 g++ compiler'
arm-none-eabi-g++ -DDFTL=1 -DCOSMOS_PLUS=1 -Wall -O0 -g3 -I../../CLUSTER_BEF_bsp/ps7_cortexa9_0/include -I../../../../common -I../../../../fil -I../../../../ftl -I../../../../ftl/dftl -I../../../../hil -I../../../../hil/nvme -I../../../../target -I../../../../target/cosmos_plus -c -fmessage-length=0 -MT"src/ftl/dftl/dftl_garbagecollector.o" -mcpu=cortex-a9 -mfpu=vfpv3 -mfloat-abi=hard -MMD -MP -MF"src/ftl/dftl/dftl_garbagecollector.d" -MT"src/ftl/dftl/dftl_garbagecollector.o" -o "src/ftl/dftl/dftl_garbagecollector.o" "C:/COSMOS_KJH/CosmosPlus_Cluster/CosmosPlus_DFTL_Cluster_Bef/Cluster_Bef/ftl/dftl/dftl_garbagecollector.cpp"
C:/COSMOS_KJH/CosmosPlus_Cluster/CosmosPlus_DFTL_Cluster_Bef/Cluster_Bef/ftl/dftl/dftl_garbagecollector.cpp: In member function 'BOOL SUPER_GC_MGR::IsGCRunning()':
C:/COSMOS_KJH/CosmosPlus_Cluster/CosmosPlus_DFTL_Cluster_Bef/Cluster_Bef/ftl/dftl/dftl_garbagecollector.cpp:30:19: warning: comparison of integer expressions of different signedness: 'INT32' {aka 'int'} and 'unsigned int' [-Wsign-compare]
  if (m_nVictimVBN == INVALID_VBN)
C:/COSMOS_KJH/CosmosPlus_Cluster/CosmosPlus_DFTL_Cluster_Bef/Cluster_Bef/ftl/dftl/dftl_garbagecollector.cpp: In member function 'BOOL SUPER_GC_MGR::CheckAndStartGC()':
C:/COSMOS_KJH/CosmosPlus_Cluster/CosmosPlus_DFTL_Cluster_Bef/Cluster_Bef/ftl/dftl/dftl_garbagecollector.cpp:111:10: warning: variable 'min_cid' set but not used [-Wunused-but-set-variable]
   UINT32 min_cid = 0u;
          ^~~~~~~
C:/COSMOS_KJH/CosmosPlus_Cluster/CosmosPlus_DFTL_Cluster_Bef/Cluster_Bef/ftl/dftl/dftl_garbagecollector.cpp: In member function 'BOOL GC_MGR::IsGCRunning()':
C:/COSMOS_KJH/CosmosPlus_Cluster/CosmosPlus_DFTL_Cluster_Bef/Cluster_Bef/ftl/dftl/dftl_garbagecollector.cpp:188:19: warning: comparison of integer expressions of different signedness: 'INT32' {aka 'int'} and 'unsigned int' [-Wsign-compare]
  if (m_nVictimVBN == INVALID_VBN)
C:/COSMOS_KJH/CosmosPlus_Cluster/CosmosPlus_DFTL_Cluster_Bef/Cluster_Bef/ftl/dftl/dftl_garbagecollector.cpp: In member function 'VOID GC_MGR::IncreaseWriteCount()':
C:/COSMOS_KJH/CosmosPlus_Cluster/CosmosPlus_DFTL_Cluster_Bef/Cluster_Bef/ftl/dftl/dftl_garbagecollector.cpp:304:10: warning: variable 'get_vcnt' set but not used [-Wunused-but-set-variable]
     auto get_vcnt = [&](int ch, int wy) -> UINT32 {
          ^~~~~~~~
C:/COSMOS_KJH/CosmosPlus_Cluster/CosmosPlus_DFTL_Cluster_Bef/Cluster_Bef/ftl/dftl/dftl_garbagecollector.cpp: In member function 'VOID GC_MGR::_Read()':
C:/COSMOS_KJH/CosmosPlus_Cluster/CosmosPlus_DFTL_Cluster_Bef/Cluster_Bef/ftl/dftl/dftl_garbagecollector.cpp:349:21: warning: comparison of integer expressions of different signedness: 'UINT32' {aka 'unsigned int'} and 'INT32' {aka 'int'} [-Wsign-compare]
  if (m_nIssuedCount != m_nWriteCount && m_nIssuedCount != m_nWriteCount + 1) {
      ~~~~~~~~~~~~~~~^~~~~~~~~~~~~~~~
C:/COSMOS_KJH/CosmosPlus_Cluster/CosmosPlus_DFTL_Cluster_Bef/Cluster_Bef/ftl/dftl/dftl_garbagecollector.cpp:349:56: warning: comparison of integer expressions of different signedness: 'UINT32' {aka 'unsigned int'} and 'INT32' {aka 'int'} [-Wsign-compare]
  if (m_nIssuedCount != m_nWriteCount && m_nIssuedCount != m_nWriteCount + 1) {
                                         ~~~~~~~~~~~~~~~^~~~~~~~~~~~~~~~~~~~
C:/COSMOS_KJH/CosmosPlus_Cluster/CosmosPlus_DFTL_Cluster_Bef/Cluster_Bef/ftl/dftl/dftl_garbagecollector.cpp:358:23: warning: comparison of integer expressions of different signedness: 'INT32' {aka 'int'} and 'UINT32' {aka 'unsigned int'} [-Wsign-compare]
     if (m_nWriteCount == m_nIssuedCount)
         ~~~~~~~~~~~~~~^~~~~~~~~~~~~~~~~
C:/COSMOS_KJH/CosmosPlus_Cluster/CosmosPlus_DFTL_Cluster_Bef/Cluster_Bef/ftl/dftl/dftl_garbagecollector.cpp:372:12: warning: variable 'get_vcnt' set but not used [-Wunused-but-set-variable]
       auto get_vcnt = [&](int ch, int wy) -> UINT32 {
            ^~~~~~~~
C:/COSMOS_KJH/CosmosPlus_Cluster/CosmosPlus_DFTL_Cluster_Bef/Cluster_Bef/ftl/dftl/dftl_garbagecollector.cpp:403:17: warning: comparison of integer expressions of different signedness: 'INT32' {aka 'int'} and 'UINT32' {aka 'unsigned int'} [-Wsign-compare]
      if (m_nVPC != m_nIssuedCount)
          ~~~~~~~^~~~~~~~~~~~~~~~~
C:/COSMOS_KJH/CosmosPlus_Cluster/CosmosPlus_DFTL_Cluster_Bef/Cluster_Bef/ftl/dftl/dftl_garbagecollector.cpp: In member function 'VOID GC_DEBUG::SetFlag(UINT32, GC_DEBUG::GC_DEBUG_FLAG)':
C:/COSMOS_KJH/CosmosPlus_Cluster/CosmosPlus_DFTL_Cluster_Bef/Cluster_Bef/ftl/dftl/dftl_garbagecollector.cpp:555:9: warning: enumeration value 'GC_DEBUG_FLAG_READ_DONE' not handled in switch [-Wswitch]
  switch (eFlag)
         ^
C:/COSMOS_KJH/CosmosPlus_Cluster/CosmosPlus_DFTL_Cluster_Bef/Cluster_Bef/ftl/dftl/dftl_garbagecollector.cpp:555:9: warning: enumeration value 'GC_DEBUG_FLAG_MASK' not handled in switch [-Wswitch]
C:/COSMOS_KJH/CosmosPlus_Cluster/CosmosPlus_DFTL_Cluster_Bef/Cluster_Bef/ftl/dftl/dftl_garbagecollector.cpp:548:9: warning: unused variable 'channel' [-Wunused-variable]
  UINT32 channel = CHANNEL_FROM_VPPN(nVPPN);
         ^~~~~~~
C:/COSMOS_KJH/CosmosPlus_Cluster/CosmosPlus_DFTL_Cluster_Bef/Cluster_Bef/ftl/dftl/dftl_garbagecollector.cpp:549:9: warning: unused variable 'way' [-Wunused-variable]
  UINT32 way = WAY_FROM_VPPN(nVPPN);
         ^~~
In file included from C:/COSMOS_KJH/CosmosPlus_Cluster/CosmosPlus_DFTL_Cluster_Bef/Cluster_Bef/ftl/dftl/dftl_internal.h:61,
                 from C:/COSMOS_KJH/CosmosPlus_Cluster/CosmosPlus_DFTL_Cluster_Bef/Cluster_Bef/ftl/dftl/dftl_garbagecollector.cpp:17:
C:/COSMOS_KJH/CosmosPlus_Cluster/CosmosPlus_DFTL_Cluster_Bef/Cluster_Bef/ftl/dftl/dftl_profile.h: At global scope:
C:/COSMOS_KJH/CosmosPlus_Cluster/CosmosPlus_DFTL_Cluster_Bef/Cluster_Bef/ftl/dftl/dftl_profile.h:63:15: warning: 'DFTL_profile' defined but not used [-Wunused-variable]
 static UINT32 DFTL_profile[Prof_Total_Num];
               ^~~~~~~~~~~~
'Finished building: C:/COSMOS_KJH/CosmosPlus_Cluster/CosmosPlus_DFTL_Cluster_Bef/Cluster_Bef/ftl/dftl/dftl_garbagecollector.cpp'
' '
'Building file: C:/COSMOS_KJH/CosmosPlus_Cluster/CosmosPlus_DFTL_Cluster_Bef/Cluster_Bef/ftl/dftl/dftl_global.cpp'
'Invoking: ARM v7 g++ compiler'
arm-none-eabi-g++ -DDFTL=1 -DCOSMOS_PLUS=1 -Wall -O0 -g3 -I../../CLUSTER_BEF_bsp/ps7_cortexa9_0/include -I../../../../common -I../../../../fil -I../../../../ftl -I../../../../ftl/dftl -I../../../../hil -I../../../../hil/nvme -I../../../../target -I../../../../target/cosmos_plus -c -fmessage-length=0 -MT"src/ftl/dftl/dftl_global.o" -mcpu=cortex-a9 -mfpu=vfpv3 -mfloat-abi=hard -MMD -MP -MF"src/ftl/dftl/dftl_global.d" -MT"src/ftl/dftl/dftl_global.o" -o "src/ftl/dftl/dftl_global.o" "C:/COSMOS_KJH/CosmosPlus_Cluster/CosmosPlus_DFTL_Cluster_Bef/Cluster_Bef/ftl/dftl/dftl_global.cpp"
C:/COSMOS_KJH/CosmosPlus_Cluster/CosmosPlus_DFTL_Cluster_Bef/Cluster_Bef/ftl/dftl/dftl_global.cpp: In member function 'virtual VOID DFTL_GLOBAL::CallBack(FTL_REQUEST_ID)':
C:/COSMOS_KJH/CosmosPlus_Cluster/CosmosPlus_DFTL_Cluster_Bef/Cluster_Bef/ftl/dftl/dftl_global.cpp:359:34: warning: comparison of integer expressions of different signedness: 'UINT32' {aka 'unsigned int'} and 'INT32' {aka 'int'} [-Wsign-compare]
   if (pstRequest->GetDoneCount() == pstRequest->GetLPNCount())
       ~~~~~~~~~~~~~~~~~~~~~~~~~~~^~~~~~~~~~~~~~~~~~~~~~~~~~~~
C:/COSMOS_KJH/CosmosPlus_Cluster/CosmosPlus_DFTL_Cluster_Bef/Cluster_Bef/ftl/dftl/dftl_global.cpp: In member function 'BUFFER_ENTRY* Read_Cache::get_buffer_by_VPPN(UINT32)':
C:/COSMOS_KJH/CosmosPlus_Cluster/CosmosPlus_DFTL_Cluster_Bef/Cluster_Bef/ftl/dftl/dftl_global.cpp:590:37: warning: comparison of integer expressions of different signedness: 'int' and 'UINT32' {aka 'unsigned int'} [-Wsign-compare]
  for (int iter = start_offset; iter < end_offset; iter++)
                                ~~~~~^~~~~~~~~~~~
C:/COSMOS_KJH/CosmosPlus_Cluster/CosmosPlus_DFTL_Cluster_Bef/Cluster_Bef/ftl/dftl/dftl_global.cpp: In member function 'VOID Read_Cache::free_buffer_by_VPPN(UINT32)':
C:/COSMOS_KJH/CosmosPlus_Cluster/CosmosPlus_DFTL_Cluster_Bef/Cluster_Bef/ftl/dftl/dftl_global.cpp:607:37: warning: comparison of integer expressions of different signedness: 'int' and 'UINT32' {aka 'unsigned int'} [-Wsign-compare]
  for (int iter = start_offset; iter < end_offset; iter++)
                                ~~~~~^~~~~~~~~~~~
In file included from C:/COSMOS_KJH/CosmosPlus_Cluster/CosmosPlus_DFTL_Cluster_Bef/Cluster_Bef/ftl/dftl/dftl_internal.h:61,
                 from C:/COSMOS_KJH/CosmosPlus_Cluster/CosmosPlus_DFTL_Cluster_Bef/Cluster_Bef/ftl/dftl/dftl_global.cpp:19:
C:/COSMOS_KJH/CosmosPlus_Cluster/CosmosPlus_DFTL_Cluster_Bef/Cluster_Bef/ftl/dftl/dftl_profile.h: At global scope:
C:/COSMOS_KJH/CosmosPlus_Cluster/CosmosPlus_DFTL_Cluster_Bef/Cluster_Bef/ftl/dftl/dftl_profile.h:63:15: warning: 'DFTL_profile' defined but not used [-Wunused-variable]
 static UINT32 DFTL_profile[Prof_Total_Num];
               ^~~~~~~~~~~~
'Finished building: C:/COSMOS_KJH/CosmosPlus_Cluster/CosmosPlus_DFTL_Cluster_Bef/Cluster_Bef/ftl/dftl/dftl_global.cpp'
' '
'Building file: C:/COSMOS_KJH/CosmosPlus_Cluster/CosmosPlus_DFTL_Cluster_Bef/Cluster_Bef/ftl/dftl/dftl_hdma.cpp'
'Invoking: ARM v7 g++ compiler'
arm-none-eabi-g++ -DDFTL=1 -DCOSMOS_PLUS=1 -Wall -O0 -g3 -I../../CLUSTER_BEF_bsp/ps7_cortexa9_0/include -I../../../../common -I../../../../fil -I../../../../ftl -I../../../../ftl/dftl -I../../../../hil -I../../../../hil/nvme -I../../../../target -I../../../../target/cosmos_plus -c -fmessage-length=0 -MT"src/ftl/dftl/dftl_hdma.o" -mcpu=cortex-a9 -mfpu=vfpv3 -mfloat-abi=hard -MMD -MP -MF"src/ftl/dftl/dftl_hdma.d" -MT"src/ftl/dftl/dftl_hdma.o" -o "src/ftl/dftl/dftl_hdma.o" "C:/COSMOS_KJH/CosmosPlus_Cluster/CosmosPlus_DFTL_Cluster_Bef/Cluster_Bef/ftl/dftl/dftl_hdma.cpp"
In file included from C:/COSMOS_KJH/CosmosPlus_Cluster/CosmosPlus_DFTL_Cluster_Bef/Cluster_Bef/ftl/dftl/dftl_internal.h:61,
                 from C:/COSMOS_KJH/CosmosPlus_Cluster/CosmosPlus_DFTL_Cluster_Bef/Cluster_Bef/ftl/dftl/dftl_hdma.cpp:17:
C:/COSMOS_KJH/CosmosPlus_Cluster/CosmosPlus_DFTL_Cluster_Bef/Cluster_Bef/ftl/dftl/dftl_profile.h:63:15: warning: 'DFTL_profile' defined but not used [-Wunused-variable]
 static UINT32 DFTL_profile[Prof_Total_Num];
               ^~~~~~~~~~~~
'Finished building: C:/COSMOS_KJH/CosmosPlus_Cluster/CosmosPlus_DFTL_Cluster_Bef/Cluster_Bef/ftl/dftl/dftl_hdma.cpp'
' '
'Building file: C:/COSMOS_KJH/CosmosPlus_Cluster/CosmosPlus_DFTL_Cluster_Bef/Cluster_Bef/ftl/dftl/dftl_meta.cpp'
'Invoking: ARM v7 g++ compiler'
arm-none-eabi-g++ -DDFTL=1 -DCOSMOS_PLUS=1 -Wall -O0 -g3 -I../../CLUSTER_BEF_bsp/ps7_cortexa9_0/include -I../../../../common -I../../../../fil -I../../../../ftl -I../../../../ftl/dftl -I../../../../hil -I../../../../hil/nvme -I../../../../target -I../../../../target/cosmos_plus -c -fmessage-length=0 -MT"src/ftl/dftl/dftl_meta.o" -mcpu=cortex-a9 -mfpu=vfpv3 -mfloat-abi=hard -MMD -MP -MF"src/ftl/dftl/dftl_meta.d" -MT"src/ftl/dftl/dftl_meta.o" -o "src/ftl/dftl/dftl_meta.o" "C:/COSMOS_KJH/CosmosPlus_Cluster/CosmosPlus_DFTL_Cluster_Bef/Cluster_Bef/ftl/dftl/dftl_meta.cpp"
C:/COSMOS_KJH/CosmosPlus_Cluster/CosmosPlus_DFTL_Cluster_Bef/Cluster_Bef/ftl/dftl/dftl_meta.cpp: In member function 'VOID META_CACHE::Initialize()':
C:/COSMOS_KJH/CosmosPlus_Cluster/CosmosPlus_DFTL_Cluster_Bef/Cluster_Bef/ftl/dftl/dftl_meta.cpp:42:25: warning: comparison of integer expressions of different signedness: 'INT32' {aka 'int'} and 'unsigned int' [-Wsign-compare]
     for (INT32 i = 0; i < META_HASH_SIZE; ++i)
C:/COSMOS_KJH/CosmosPlus_Cluster/CosmosPlus_DFTL_Cluster_Bef/Cluster_Bef/ftl/dftl/dftl_meta.cpp: In member function 'BOOL META_CACHE::Format()':
C:/COSMOS_KJH/CosmosPlus_Cluster/CosmosPlus_DFTL_Cluster_Bef/Cluster_Bef/ftl/dftl/dftl_meta.cpp:88:23: warning: comparison of integer expressions of different signedness: 'INT32' {aka 'int'} and 'unsigned int' [-Wsign-compare]
   for (INT32 i = 0; i < L2V_PER_META_PAGE; i++)
C:/COSMOS_KJH/CosmosPlus_Cluster/CosmosPlus_DFTL_Cluster_Bef/Cluster_Bef/ftl/dftl/dftl_meta.cpp: In member function 'META_CACHE_ENTRY* META_CACHE::GetMetaEntry(UINT32)':
C:/COSMOS_KJH/CosmosPlus_Cluster/CosmosPlus_DFTL_Cluster_Bef/Cluster_Bef/ftl/dftl/dftl_meta.cpp:123:15: warning: comparison of integer expressions of different signedness: 'INT32' {aka 'int'} and 'UINT32' {aka 'unsigned int'} [-Wsign-compare]
  if (nPrevLPN != nLPN)
      ~~~~~~~~~^~~~~~~
C:/COSMOS_KJH/CosmosPlus_Cluster/CosmosPlus_DFTL_Cluster_Bef/Cluster_Bef/ftl/dftl/dftl_meta.cpp: In member function 'VOID META_MGR::SetL2V(UINT32, UINT32, UINT32)':
C:/COSMOS_KJH/CosmosPlus_Cluster/CosmosPlus_DFTL_Cluster_Bef/Cluster_Bef/ftl/dftl/dftl_meta.cpp:547:12: warning: variable 'pstVBInfo' set but not used [-Wunused-but-set-variable]
   VBINFO*  pstVBInfo;
            ^~~~~~~~~
C:/COSMOS_KJH/CosmosPlus_Cluster/CosmosPlus_DFTL_Cluster_Bef/Cluster_Bef/ftl/dftl/dftl_meta.cpp:566:10: warning: unused variable 'nVBN' [-Wunused-variable]
   UINT32 nVBN = VBN_FROM_VPPN(nOldVPPN);
          ^~~~
C:/COSMOS_KJH/CosmosPlus_Cluster/CosmosPlus_DFTL_Cluster_Bef/Cluster_Bef/ftl/dftl/dftl_meta.cpp:567:10: warning: unused variable 'channel' [-Wunused-variable]
   UINT32 channel = CHANNEL_FROM_VPPN(nOldVPPN);
          ^~~~~~~
C:/COSMOS_KJH/CosmosPlus_Cluster/CosmosPlus_DFTL_Cluster_Bef/Cluster_Bef/ftl/dftl/dftl_meta.cpp:568:10: warning: unused variable 'way' [-Wunused-variable]
   UINT32 way = WAY_FROM_VPPN(nOldVPPN);
          ^~~
In file included from C:/COSMOS_KJH/CosmosPlus_Cluster/CosmosPlus_DFTL_Cluster_Bef/Cluster_Bef/ftl/dftl/dftl_internal.h:61,
                 from C:/COSMOS_KJH/CosmosPlus_Cluster/CosmosPlus_DFTL_Cluster_Bef/Cluster_Bef/ftl/dftl/dftl_meta.cpp:17:
C:/COSMOS_KJH/CosmosPlus_Cluster/CosmosPlus_DFTL_Cluster_Bef/Cluster_Bef/ftl/dftl/dftl_profile.h: At global scope:
C:/COSMOS_KJH/CosmosPlus_Cluster/CosmosPlus_DFTL_Cluster_Bef/Cluster_Bef/ftl/dftl/dftl_profile.h:63:15: warning: 'DFTL_profile' defined but not used [-Wunused-variable]
 static UINT32 DFTL_profile[Prof_Total_Num];
               ^~~~~~~~~~~~
'Finished building: C:/COSMOS_KJH/CosmosPlus_Cluster/CosmosPlus_DFTL_Cluster_Bef/Cluster_Bef/ftl/dftl/dftl_meta.cpp'
' '
'Building file: C:/COSMOS_KJH/CosmosPlus_Cluster/CosmosPlus_DFTL_Cluster_Bef/Cluster_Bef/ftl/dftl/dftl_profile.cpp'
'Invoking: ARM v7 g++ compiler'
arm-none-eabi-g++ -DDFTL=1 -DCOSMOS_PLUS=1 -Wall -O0 -g3 -I../../CLUSTER_BEF_bsp/ps7_cortexa9_0/include -I../../../../common -I../../../../fil -I../../../../ftl -I../../../../ftl/dftl -I../../../../hil -I../../../../hil/nvme -I../../../../target -I../../../../target/cosmos_plus -c -fmessage-length=0 -MT"src/ftl/dftl/dftl_profile.o" -mcpu=cortex-a9 -mfpu=vfpv3 -mfloat-abi=hard -MMD -MP -MF"src/ftl/dftl/dftl_profile.d" -MT"src/ftl/dftl/dftl_profile.o" -o "src/ftl/dftl/dftl_profile.o" "C:/COSMOS_KJH/CosmosPlus_Cluster/CosmosPlus_DFTL_Cluster_Bef/Cluster_Bef/ftl/dftl/dftl_profile.cpp"
'Finished building: C:/COSMOS_KJH/CosmosPlus_Cluster/CosmosPlus_DFTL_Cluster_Bef/Cluster_Bef/ftl/dftl/dftl_profile.cpp'
' '
'Building file: C:/COSMOS_KJH/CosmosPlus_Cluster/CosmosPlus_DFTL_Cluster_Bef/Cluster_Bef/ftl/dftl/dftl_request.cpp'
'Invoking: ARM v7 g++ compiler'
arm-none-eabi-g++ -DDFTL=1 -DCOSMOS_PLUS=1 -Wall -O0 -g3 -I../../CLUSTER_BEF_bsp/ps7_cortexa9_0/include -I../../../../common -I../../../../fil -I../../../../ftl -I../../../../ftl/dftl -I../../../../hil -I../../../../hil/nvme -I../../../../target -I../../../../target/cosmos_plus -c -fmessage-length=0 -MT"src/ftl/dftl/dftl_request.o" -mcpu=cortex-a9 -mfpu=vfpv3 -mfloat-abi=hard -MMD -MP -MF"src/ftl/dftl/dftl_request.d" -MT"src/ftl/dftl/dftl_request.o" -o "src/ftl/dftl/dftl_request.o" "C:/COSMOS_KJH/CosmosPlus_Cluster/CosmosPlus_DFTL_Cluster_Bef/Cluster_Bef/ftl/dftl/dftl_request.cpp"
C:/COSMOS_KJH/CosmosPlus_Cluster/CosmosPlus_DFTL_Cluster_Bef/Cluster_Bef/ftl/dftl/dftl_request.cpp: In member function 'VOID REQUEST_MGR::_ProcessHILRequestWaitQ()':
C:/COSMOS_KJH/CosmosPlus_Cluster/CosmosPlus_DFTL_Cluster_Bef/Cluster_Bef/ftl/dftl/dftl_request.cpp:74:7: warning: variable 'bSuccess' set but not used [-Wunused-but-set-variable]
  BOOL bSuccess = FALSE;
       ^~~~~~~~
C:/COSMOS_KJH/CosmosPlus_Cluster/CosmosPlus_DFTL_Cluster_Bef/Cluster_Bef/ftl/dftl/dftl_request.cpp: In member function 'VOID REQUEST_MGR::_ProcessMetaRequestWaitQ()':
C:/COSMOS_KJH/CosmosPlus_Cluster/CosmosPlus_DFTL_Cluster_Bef/Cluster_Bef/ftl/dftl/dftl_request.cpp:232:7: warning: variable 'bSuccess' set but not used [-Wunused-but-set-variable]
  BOOL bSuccess;
       ^~~~~~~~
In file included from C:/COSMOS_KJH/CosmosPlus_Cluster/CosmosPlus_DFTL_Cluster_Bef/Cluster_Bef/ftl/dftl/dftl_internal.h:61,
                 from C:/COSMOS_KJH/CosmosPlus_Cluster/CosmosPlus_DFTL_Cluster_Bef/Cluster_Bef/ftl/dftl/dftl_request.cpp:17:
C:/COSMOS_KJH/CosmosPlus_Cluster/CosmosPlus_DFTL_Cluster_Bef/Cluster_Bef/ftl/dftl/dftl_profile.h: At global scope:
C:/COSMOS_KJH/CosmosPlus_Cluster/CosmosPlus_DFTL_Cluster_Bef/Cluster_Bef/ftl/dftl/dftl_profile.h:63:15: warning: 'DFTL_profile' defined but not used [-Wunused-variable]
 static UINT32 DFTL_profile[Prof_Total_Num];
               ^~~~~~~~~~~~
'Finished building: C:/COSMOS_KJH/CosmosPlus_Cluster/CosmosPlus_DFTL_Cluster_Bef/Cluster_Bef/ftl/dftl/dftl_request.cpp'
' '
'Building file: C:/COSMOS_KJH/CosmosPlus_Cluster/CosmosPlus_DFTL_Cluster_Bef/Cluster_Bef/ftl/dftl/dftl_request_gc.cpp'
'Invoking: ARM v7 g++ compiler'
arm-none-eabi-g++ -DDFTL=1 -DCOSMOS_PLUS=1 -Wall -O0 -g3 -I../../CLUSTER_BEF_bsp/ps7_cortexa9_0/include -I../../../../common -I../../../../fil -I../../../../ftl -I../../../../ftl/dftl -I../../../../hil -I../../../../hil/nvme -I../../../../target -I../../../../target/cosmos_plus -c -fmessage-length=0 -MT"src/ftl/dftl/dftl_request_gc.o" -mcpu=cortex-a9 -mfpu=vfpv3 -mfloat-abi=hard -MMD -MP -MF"src/ftl/dftl/dftl_request_gc.d" -MT"src/ftl/dftl/dftl_request_gc.o" -o "src/ftl/dftl/dftl_request_gc.o" "C:/COSMOS_KJH/CosmosPlus_Cluster/CosmosPlus_DFTL_Cluster_Bef/Cluster_Bef/ftl/dftl/dftl_request_gc.cpp"
In file included from C:/COSMOS_KJH/CosmosPlus_Cluster/CosmosPlus_DFTL_Cluster_Bef/Cluster_Bef/ftl/dftl/dftl_internal.h:61,
                 from C:/COSMOS_KJH/CosmosPlus_Cluster/CosmosPlus_DFTL_Cluster_Bef/Cluster_Bef/ftl/dftl/dftl_request_gc.cpp:17:
C:/COSMOS_KJH/CosmosPlus_Cluster/CosmosPlus_DFTL_Cluster_Bef/Cluster_Bef/ftl/dftl/dftl_profile.h:63:15: warning: 'DFTL_profile' defined but not used [-Wunused-variable]
 static UINT32 DFTL_profile[Prof_Total_Num];
               ^~~~~~~~~~~~
'Finished building: C:/COSMOS_KJH/CosmosPlus_Cluster/CosmosPlus_DFTL_Cluster_Bef/Cluster_Bef/ftl/dftl/dftl_request_gc.cpp'
' '
'Building file: C:/COSMOS_KJH/CosmosPlus_Cluster/CosmosPlus_DFTL_Cluster_Bef/Cluster_Bef/ftl/dftl/dftl_request_hil.cpp'
'Invoking: ARM v7 g++ compiler'
arm-none-eabi-g++ -DDFTL=1 -DCOSMOS_PLUS=1 -Wall -O0 -g3 -I../../CLUSTER_BEF_bsp/ps7_cortexa9_0/include -I../../../../common -I../../../../fil -I../../../../ftl -I../../../../ftl/dftl -I../../../../hil -I../../../../hil/nvme -I../../../../target -I../../../../target/cosmos_plus -c -fmessage-length=0 -MT"src/ftl/dftl/dftl_request_hil.o" -mcpu=cortex-a9 -mfpu=vfpv3 -mfloat-abi=hard -MMD -MP -MF"src/ftl/dftl/dftl_request_hil.d" -MT"src/ftl/dftl/dftl_request_hil.o" -o "src/ftl/dftl/dftl_request_hil.o" "C:/COSMOS_KJH/CosmosPlus_Cluster/CosmosPlus_DFTL_Cluster_Bef/Cluster_Bef/ftl/dftl/dftl_request_hil.cpp"
In file included from C:/COSMOS_KJH/CosmosPlus_Cluster/CosmosPlus_DFTL_Cluster_Bef/Cluster_Bef/ftl/dftl/dftl_request_hil.cpp:17:
../../CLUSTER_BEF_bsp/ps7_cortexa9_0/include/xtime_l.h:87:70: note: #pragma message: For the sleep routines, Global timer is being used
 #pragma message ("For the sleep routines, Global timer is being used")
                                                                      ^
C:/COSMOS_KJH/CosmosPlus_Cluster/CosmosPlus_DFTL_Cluster_Bef/Cluster_Bef/ftl/dftl/dftl_request_hil.cpp: In member function 'virtual BOOL HIL_REQUEST::_ProcessRead_Wait()':
C:/COSMOS_KJH/CosmosPlus_Cluster/CosmosPlus_DFTL_Cluster_Bef/Cluster_Bef/ftl/dftl/dftl_request_hil.cpp:632:28: warning: comparison of integer expressions of different signedness: 'int' and 'UINT32' {aka 'unsigned int'} [-Wsign-compare]
          for (int j = 0; j < lpn_count; j++) {
                          ~~^~~~~~~~~~~
C:/COSMOS_KJH/CosmosPlus_Cluster/CosmosPlus_DFTL_Cluster_Bef/Cluster_Bef/ftl/dftl/dftl_request_hil.cpp:651:25: warning: comparison of integer expressions of different signedness: 'int' and 'UINT32' {aka 'unsigned int'} [-Wsign-compare]
       for (int j = 0; j < lpn_count; j++) {
                       ~~^~~~~~~~~~~
C:/COSMOS_KJH/CosmosPlus_Cluster/CosmosPlus_DFTL_Cluster_Bef/Cluster_Bef/ftl/dftl/dftl_request_hil.cpp:577:21: warning: unused variable 'pstBufferMgr' [-Wunused-variable]
    BUFFER_MGR*      pstBufferMgr = DFTL_GLOBAL::GetBufferMgr();
                     ^~~~~~~~~~~~
C:/COSMOS_KJH/CosmosPlus_Cluster/CosmosPlus_DFTL_Cluster_Bef/Cluster_Bef/ftl/dftl/dftl_request_hil.cpp: In member function 'virtual BOOL HIL_REQUEST_PER_WAY::_ProcessRead_Wait()':
C:/COSMOS_KJH/CosmosPlus_Cluster/CosmosPlus_DFTL_Cluster_Bef/Cluster_Bef/ftl/dftl/dftl_request_hil.cpp:858:37: warning: comparison of integer expressions of different signedness: 'unsigned int' and 'INT32' {aka 'int'} [-Wsign-compare]
          for (unsigned int i = 0; i < GetLPNCount(); i++) {
                                   ~~^~~~~~~~~~~~~~~
C:/COSMOS_KJH/CosmosPlus_Cluster/CosmosPlus_DFTL_Cluster_Bef/Cluster_Bef/ftl/dftl/dftl_request_hil.cpp:871:17: warning: comparison of integer expressions of different signedness: 'INT32' {aka 'int'} and 'unsigned int' [-Wsign-compare]
       if (nVPPN == INVALID_PPN)   // unmap read
C:/COSMOS_KJH/CosmosPlus_Cluster/CosmosPlus_DFTL_Cluster_Bef/Cluster_Bef/ftl/dftl/dftl_request_hil.cpp:900:86: warning: comparison of integer expressions of different signedness: 'UINT32' {aka 'unsigned int'} and 'INT32' {aka 'int'} [-Wsign-compare]
                if (((UINT32*)ReadCacheBuf->m_pSpareBuf)[LPN_OFFSET_FROM_VPPN(nVPPN)] != nLPN)
                    ~~~~~~~~~~~~~~~~~~~~~~~~~~~~~~~~~~~~~~~~~~~~~~~~~~~~~~~~~~~~~~~~~~^~~~~~~
In file included from C:/COSMOS_KJH/CosmosPlus_Cluster/CosmosPlus_DFTL_Cluster_Bef/Cluster_Bef/ftl/dftl/dftl_internal.h:39,
                 from C:/COSMOS_KJH/CosmosPlus_Cluster/CosmosPlus_DFTL_Cluster_Bef/Cluster_Bef/ftl/dftl/dftl_request_hil.cpp:18:
C:/COSMOS_KJH/CosmosPlus_Cluster/CosmosPlus_DFTL_Cluster_Bef/Cluster_Bef/ftl/dftl/dftl_request_hil.cpp:911:35: warning: comparison of integer expressions of different signedness: 'INT32' {aka 'int'} and 'UINT32' {aka 'unsigned int'} [-Wsign-compare]
                      ASSERT(nVPPN == nBufferingVPPN);
                             ~~~~~~^~~~~~~~~~~~~~~~~
../../../../common/debug.h:57:7: note: in definition of macro 'ASSERT'
 if (!(X))                \
       ^
C:/COSMOS_KJH/CosmosPlus_Cluster/CosmosPlus_DFTL_Cluster_Bef/Cluster_Bef/ftl/dftl/dftl_request_hil.cpp:961:52: warning: comparison of integer expressions of different signedness: 'INT32' {aka 'int'} and 'UINT32' {aka 'unsigned int'} [-Wsign-compare]
                if ((nVPPN >> NUM_BIT_LPN_PER_PAGE) == (read_VPPN[iter] >> NUM_BIT_LPN_PER_PAGE))
                    ~~~~~~~~~~~~~~~~~~~~~~~~~~~~~~~~^~~~~~~~~~~~~~~~~~~~~~~~~~~~~~~~~~~~~~~~~~~~
C:/COSMOS_KJH/CosmosPlus_Cluster/CosmosPlus_DFTL_Cluster_Bef/Cluster_Bef/ftl/dftl/dftl_request_hil.cpp:1002:22: warning: comparison of integer expressions of different signedness: 'INT32' {aka 'int'} and 'UINT32' {aka 'unsigned int'} [-Wsign-compare]
    if (GetLPNCount() == GetDoneCount())
        ~~~~~~~~~~~~~~^~~~~~~~~~~~~~~~~
C:/COSMOS_KJH/CosmosPlus_Cluster/CosmosPlus_DFTL_Cluster_Bef/Cluster_Bef/ftl/dftl/dftl_request_hil.cpp:818:18: warning: unused variable 'nVPPN' [-Wunused-variable]
    INT32         nVPPN;
                  ^~~~~
C:/COSMOS_KJH/CosmosPlus_Cluster/CosmosPlus_DFTL_Cluster_Bef/Cluster_Bef/ftl/dftl/dftl_request_hil.cpp: In member function 'BOOL HIL_REQUEST_PER_WAY::HDMAIssue()':
C:/COSMOS_KJH/CosmosPlus_Cluster/CosmosPlus_DFTL_Cluster_Bef/Cluster_Bef/ftl/dftl/dftl_request_hil.cpp:1081:40: warning: comparison of integer expressions of different signedness: 'UINT32' {aka 'unsigned int'} and 'INT32' {aka 'int'} [-Wsign-compare]
       if (m_parent_req->GetDoneCount() == m_parent_req->GetLPNCount()) {
           ~~~~~~~~~~~~~~~~~~~~~~~~~~~~~^~~~~~~~~~~~~~~~~~~~~~~~~~~~~~
C:/COSMOS_KJH/CosmosPlus_Cluster/CosmosPlus_DFTL_Cluster_Bef/Cluster_Bef/ftl/dftl/dftl_request_hil.cpp: In member function 'virtual BOOL HIL_REQUEST_PER_WAY::_ProcessWrite_Wait()':
C:/COSMOS_KJH/CosmosPlus_Cluster/CosmosPlus_DFTL_Cluster_Bef/Cluster_Bef/ftl/dftl/dftl_request_hil.cpp:1171:29: warning: comparison of integer expressions of different signedness: 'UINT32' {aka 'unsigned int'} and 'INT32' {aka 'int'} [-Wsign-compare]
    } while ((GetDoneCount() < GetLPNCount()) && (bSuccess == TRUE));
              ~~~~~~~~~~~~~~~^~~~~~~~~~~~~~~
C:/COSMOS_KJH/CosmosPlus_Cluster/CosmosPlus_DFTL_Cluster_Bef/Cluster_Bef/ftl/dftl/dftl_request_hil.cpp:1186:40: warning: comparison of integer expressions of different signedness: 'UINT32' {aka 'unsigned int'} and 'INT32' {aka 'int'} [-Wsign-compare]
       if (m_parent_req->GetDoneCount() == m_parent_req->GetLPNCount()) {
           ~~~~~~~~~~~~~~~~~~~~~~~~~~~~~^~~~~~~~~~~~~~~~~~~~~~~~~~~~~~
C:/COSMOS_KJH/CosmosPlus_Cluster/CosmosPlus_DFTL_Cluster_Bef/Cluster_Bef/ftl/dftl/dftl_request_hil.cpp: In member function 'BOOL HIL_REQUEST::_ProcessDSM_Wait()':
C:/COSMOS_KJH/CosmosPlus_Cluster/CosmosPlus_DFTL_Cluster_Bef/Cluster_Bef/ftl/dftl/dftl_request_hil.cpp:1203:9: warning: unused variable 'DSLength' [-Wunused-variable]
  UINT32 DSLength = 0;
         ^~~~~~~~
In file included from C:/COSMOS_KJH/CosmosPlus_Cluster/CosmosPlus_DFTL_Cluster_Bef/Cluster_Bef/ftl/dftl/dftl_internal.h:61,
                 from C:/COSMOS_KJH/CosmosPlus_Cluster/CosmosPlus_DFTL_Cluster_Bef/Cluster_Bef/ftl/dftl/dftl_request_hil.cpp:18:
C:/COSMOS_KJH/CosmosPlus_Cluster/CosmosPlus_DFTL_Cluster_Bef/Cluster_Bef/ftl/dftl/dftl_profile.h: At global scope:
C:/COSMOS_KJH/CosmosPlus_Cluster/CosmosPlus_DFTL_Cluster_Bef/Cluster_Bef/ftl/dftl/dftl_profile.h:63:15: warning: 'DFTL_profile' defined but not used [-Wunused-variable]
 static UINT32 DFTL_profile[Prof_Total_Num];
               ^~~~~~~~~~~~
'Finished building: C:/COSMOS_KJH/CosmosPlus_Cluster/CosmosPlus_DFTL_Cluster_Bef/Cluster_Bef/ftl/dftl/dftl_request_hil.cpp'
' '
'Building file: C:/COSMOS_KJH/CosmosPlus_Cluster/CosmosPlus_DFTL_Cluster_Bef/Cluster_Bef/ftl/dftl/dftl_request_meta.cpp'
'Invoking: ARM v7 g++ compiler'
arm-none-eabi-g++ -DDFTL=1 -DCOSMOS_PLUS=1 -Wall -O0 -g3 -I../../CLUSTER_BEF_bsp/ps7_cortexa9_0/include -I../../../../common -I../../../../fil -I../../../../ftl -I../../../../ftl/dftl -I../../../../hil -I../../../../hil/nvme -I../../../../target -I../../../../target/cosmos_plus -c -fmessage-length=0 -MT"src/ftl/dftl/dftl_request_meta.o" -mcpu=cortex-a9 -mfpu=vfpv3 -mfloat-abi=hard -MMD -MP -MF"src/ftl/dftl/dftl_request_meta.d" -MT"src/ftl/dftl/dftl_request_meta.o" -o "src/ftl/dftl/dftl_request_meta.o" "C:/COSMOS_KJH/CosmosPlus_Cluster/CosmosPlus_DFTL_Cluster_Bef/Cluster_Bef/ftl/dftl/dftl_request_meta.cpp"
In file included from C:/COSMOS_KJH/CosmosPlus_Cluster/CosmosPlus_DFTL_Cluster_Bef/Cluster_Bef/ftl/dftl/dftl_internal.h:39,
                 from C:/COSMOS_KJH/CosmosPlus_Cluster/CosmosPlus_DFTL_Cluster_Bef/Cluster_Bef/ftl/dftl/dftl_request_meta.cpp:17:
C:/COSMOS_KJH/CosmosPlus_Cluster/CosmosPlus_DFTL_Cluster_Bef/Cluster_Bef/ftl/dftl/dftl_request_meta.cpp: In member function 'BOOL META_REQUEST::_ProcessRead_Wait()':
C:/COSMOS_KJH/CosmosPlus_Cluster/CosmosPlus_DFTL_Cluster_Bef/Cluster_Bef/ftl/dftl/dftl_request_meta.cpp:169:22: warning: comparison between 'enum META_REQUEST_STATUS' and 'enum HIL_REQUEST_STATUS' [-Wenum-compare]
  ASSERT(m_nStatus == HIL_REQUEST_READ_WAIT);
                      ^~~~~~~~~~~~~~~~~~~~~
../../../../common/debug.h:57:7: note: in definition of macro 'ASSERT'
 if (!(X))                \
       ^
C:/COSMOS_KJH/CosmosPlus_Cluster/CosmosPlus_DFTL_Cluster_Bef/Cluster_Bef/ftl/dftl/dftl_request_meta.cpp:172:15: warning: unused variable 'pstBufferMgr' [-Wunused-variable]
  BUFFER_MGR*  pstBufferMgr = DFTL_GLOBAL::GetBufferMgr();
               ^~~~~~~~~~~~
In file included from C:/COSMOS_KJH/CosmosPlus_Cluster/CosmosPlus_DFTL_Cluster_Bef/Cluster_Bef/ftl/dftl/dftl_internal.h:61,
                 from C:/COSMOS_KJH/CosmosPlus_Cluster/CosmosPlus_DFTL_Cluster_Bef/Cluster_Bef/ftl/dftl/dftl_request_meta.cpp:17:
C:/COSMOS_KJH/CosmosPlus_Cluster/CosmosPlus_DFTL_Cluster_Bef/Cluster_Bef/ftl/dftl/dftl_profile.h: At global scope:
C:/COSMOS_KJH/CosmosPlus_Cluster/CosmosPlus_DFTL_Cluster_Bef/Cluster_Bef/ftl/dftl/dftl_profile.h:63:15: warning: 'DFTL_profile' defined but not used [-Wunused-variable]
 static UINT32 DFTL_profile[Prof_Total_Num];
               ^~~~~~~~~~~~
'Finished building: C:/COSMOS_KJH/CosmosPlus_Cluster/CosmosPlus_DFTL_Cluster_Bef/Cluster_Bef/ftl/dftl/dftl_request_meta.cpp'
' '
'Building file: C:/COSMOS_KJH/CosmosPlus_Cluster/CosmosPlus_DFTL_Cluster_Bef/Cluster_Bef/ftl/dftl/dftl_vnand.cpp'
'Invoking: ARM v7 g++ compiler'
arm-none-eabi-g++ -DDFTL=1 -DCOSMOS_PLUS=1 -Wall -O0 -g3 -I../../CLUSTER_BEF_bsp/ps7_cortexa9_0/include -I../../../../common -I../../../../fil -I../../../../ftl -I../../../../ftl/dftl -I../../../../hil -I../../../../hil/nvme -I../../../../target -I../../../../target/cosmos_plus -c -fmessage-length=0 -MT"src/ftl/dftl/dftl_vnand.o" -mcpu=cortex-a9 -mfpu=vfpv3 -mfloat-abi=hard -MMD -MP -MF"src/ftl/dftl/dftl_vnand.d" -MT"src/ftl/dftl/dftl_vnand.o" -o "src/ftl/dftl/dftl_vnand.o" "C:/COSMOS_KJH/CosmosPlus_Cluster/CosmosPlus_DFTL_Cluster_Bef/Cluster_Bef/ftl/dftl/dftl_vnand.cpp"
C:/COSMOS_KJH/CosmosPlus_Cluster/CosmosPlus_DFTL_Cluster_Bef/Cluster_Bef/ftl/dftl/dftl_vnand.cpp: In member function 'VOID VNAND::Initialize()':
C:/COSMOS_KJH/CosmosPlus_Cluster/CosmosPlus_DFTL_Cluster_Bef/Cluster_Bef/ftl/dftl/dftl_vnand.cpp:47:50: warning: 'void* memset(void*, int, size_t)' clearing an object of non-trivial type 'class VIRTUAL_BLOCK'; use assignment or value-initialization instead [-Wclass-memaccess]
    OSAL_MEMSET(m_pstVB[channel][way], 0x00, nSize);
                                                  ^
In file included from C:/COSMOS_KJH/CosmosPlus_Cluster/CosmosPlus_DFTL_Cluster_Bef/Cluster_Bef/ftl/dftl/dftl_internal.h:48,
                 from C:/COSMOS_KJH/CosmosPlus_Cluster/CosmosPlus_DFTL_Cluster_Bef/Cluster_Bef/ftl/dftl/dftl_vnand.cpp:17:
C:/COSMOS_KJH/CosmosPlus_Cluster/CosmosPlus_DFTL_Cluster_Bef/Cluster_Bef/ftl/dftl/dftl_vnand.h:36:7: note: 'class VIRTUAL_BLOCK' declared here
 class VIRTUAL_BLOCK
       ^~~~~~~~~~~~~
C:/COSMOS_KJH/CosmosPlus_Cluster/CosmosPlus_DFTL_Cluster_Bef/Cluster_Bef/ftl/dftl/dftl_vnand.cpp: In member function 'VOID VNAND::Invalidate(UINT32, UINT32)':
C:/COSMOS_KJH/CosmosPlus_Cluster/CosmosPlus_DFTL_Cluster_Bef/Cluster_Bef/ftl/dftl/dftl_vnand.cpp:106:6: warning: unused variable 'before' [-Wunused-variable]
  int before = GetValidVPNCount(channel, way, nVBN);
      ^~~~~~
C:/COSMOS_KJH/CosmosPlus_Cluster/CosmosPlus_DFTL_Cluster_Bef/Cluster_Bef/ftl/dftl/dftl_vnand.cpp:108:6: warning: unused variable 'after' [-Wunused-variable]
  int after = GetValidVPNCount(channel, way, nVBN);
      ^~~~~
In file included from C:/COSMOS_KJH/CosmosPlus_Cluster/CosmosPlus_DFTL_Cluster_Bef/Cluster_Bef/ftl/dftl/dftl_internal.h:61,
                 from C:/COSMOS_KJH/CosmosPlus_Cluster/CosmosPlus_DFTL_Cluster_Bef/Cluster_Bef/ftl/dftl/dftl_vnand.cpp:17:
C:/COSMOS_KJH/CosmosPlus_Cluster/CosmosPlus_DFTL_Cluster_Bef/Cluster_Bef/ftl/dftl/dftl_profile.h: At global scope:
C:/COSMOS_KJH/CosmosPlus_Cluster/CosmosPlus_DFTL_Cluster_Bef/Cluster_Bef/ftl/dftl/dftl_profile.h:63:15: warning: 'DFTL_profile' defined but not used [-Wunused-variable]
 static UINT32 DFTL_profile[Prof_Total_Num];
               ^~~~~~~~~~~~
'Finished building: C:/COSMOS_KJH/CosmosPlus_Cluster/CosmosPlus_DFTL_Cluster_Bef/Cluster_Bef/ftl/dftl/dftl_vnand.cpp'
' '
'Building file: C:/COSMOS_KJH/CosmosPlus_Cluster/CosmosPlus_DFTL_Cluster_Bef/Cluster_Bef/ftl/template.c'
'Invoking: ARM v7 g++ compiler'
arm-none-eabi-g++ -DDFTL=1 -DCOSMOS_PLUS=1 -Wall -O0 -g3 -I../../CLUSTER_BEF_bsp/ps7_cortexa9_0/include -I../../../../common -I../../../../fil -I../../../../ftl -I../../../../ftl/dftl -I../../../../hil -I../../../../hil/nvme -I../../../../target -I../../../../target/cosmos_plus -c -fmessage-length=0 -MT"src/ftl/template.o" -mcpu=cortex-a9 -mfpu=vfpv3 -mfloat-abi=hard -MMD -MP -MF"src/ftl/template.d" -MT"src/ftl/template.o" -o "src/ftl/template.o" "C:/COSMOS_KJH/CosmosPlus_Cluster/CosmosPlus_DFTL_Cluster_Bef/Cluster_Bef/ftl/template.c"
'Finished building: C:/COSMOS_KJH/CosmosPlus_Cluster/CosmosPlus_DFTL_Cluster_Bef/Cluster_Bef/ftl/template.c'
' '
'Building file: C:/COSMOS_KJH/CosmosPlus_Cluster/CosmosPlus_DFTL_Cluster_Bef/Cluster_Bef/ftl/template_cpp.cpp'
'Invoking: ARM v7 g++ compiler'
arm-none-eabi-g++ -DDFTL=1 -DCOSMOS_PLUS=1 -Wall -O0 -g3 -I../../CLUSTER_BEF_bsp/ps7_cortexa9_0/include -I../../../../common -I../../../../fil -I../../../../ftl -I../../../../ftl/dftl -I../../../../hil -I../../../../hil/nvme -I../../../../target -I../../../../target/cosmos_plus -c -fmessage-length=0 -MT"src/ftl/template_cpp.o" -mcpu=cortex-a9 -mfpu=vfpv3 -mfloat-abi=hard -MMD -MP -MF"src/ftl/template_cpp.d" -MT"src/ftl/template_cpp.o" -o "src/ftl/template_cpp.o" "C:/COSMOS_KJH/CosmosPlus_Cluster/CosmosPlus_DFTL_Cluster_Bef/Cluster_Bef/ftl/template_cpp.cpp"
'Finished building: C:/COSMOS_KJH/CosmosPlus_Cluster/CosmosPlus_DFTL_Cluster_Bef/Cluster_Bef/ftl/template_cpp.cpp'
' '
'Building file: C:/COSMOS_KJH/CosmosPlus_Cluster/CosmosPlus_DFTL_Cluster_Bef/Cluster_Bef/fil/fil.c'
'Invoking: ARM v7 g++ compiler'
arm-none-eabi-g++ -DDFTL=1 -DCOSMOS_PLUS=1 -Wall -O0 -g3 -I../../CLUSTER_BEF_bsp/ps7_cortexa9_0/include -I../../../../common -I../../../../fil -I../../../../ftl -I../../../../ftl/dftl -I../../../../hil -I../../../../hil/nvme -I../../../../target -I../../../../target/cosmos_plus -c -fmessage-length=0 -MT"src/fil/fil.o" -mcpu=cortex-a9 -mfpu=vfpv3 -mfloat-abi=hard -MMD -MP -MF"src/fil/fil.d" -MT"src/fil/fil.o" -o "src/fil/fil.o" "C:/COSMOS_KJH/CosmosPlus_Cluster/CosmosPlus_DFTL_Cluster_Bef/Cluster_Bef/fil/fil.c"
C:/COSMOS_KJH/CosmosPlus_Cluster/CosmosPlus_DFTL_Cluster_Bef/Cluster_Bef/fil/fil.c: In function 'BOOL FIL_IsBad(INT32, INT32, INT32)':
C:/COSMOS_KJH/CosmosPlus_Cluster/CosmosPlus_DFTL_Cluster_Bef/Cluster_Bef/fil/fil.c:1802:20: warning: comparison of integer expressions of different signedness: 'int' and 'unsigned int' [-Wsign-compare]
  for (int i = 0; i < sizeof(anBadPBN2) / sizeof(int); i++)
                  ~~^~~~~~~~~~~~~~~~~~~~~~~~~~~~~~~~~
'Finished building: C:/COSMOS_KJH/CosmosPlus_Cluster/CosmosPlus_DFTL_Cluster_Bef/Cluster_Bef/fil/fil.c'
' '
'Building file: C:/COSMOS_KJH/CosmosPlus_Cluster/CosmosPlus_DFTL_Cluster_Bef/Cluster_Bef/fil/fil_nand.c'
'Invoking: ARM v7 g++ compiler'
arm-none-eabi-g++ -DDFTL=1 -DCOSMOS_PLUS=1 -Wall -O0 -g3 -I../../CLUSTER_BEF_bsp/ps7_cortexa9_0/include -I../../../../common -I../../../../fil -I../../../../ftl -I../../../../ftl/dftl -I../../../../hil -I../../../../hil/nvme -I../../../../target -I../../../../target/cosmos_plus -c -fmessage-length=0 -MT"src/fil/fil_nand.o" -mcpu=cortex-a9 -mfpu=vfpv3 -mfloat-abi=hard -MMD -MP -MF"src/fil/fil_nand.d" -MT"src/fil/fil_nand.o" -o "src/fil/fil_nand.o" "C:/COSMOS_KJH/CosmosPlus_Cluster/CosmosPlus_DFTL_Cluster_Bef/Cluster_Bef/fil/fil_nand.c"
C:/COSMOS_KJH/CosmosPlus_Cluster/CosmosPlus_DFTL_Cluster_Bef/Cluster_Bef/fil/fil_nand.c: In function 'NAND_RESULT NAND_ProcessErase(int, int, int, int)':
C:/COSMOS_KJH/CosmosPlus_Cluster/CosmosPlus_DFTL_Cluster_Bef/Cluster_Bef/fil/fil_nand.c:206:14: warning: unused variable 'nSleepTimeCheckStatusUS' [-Wunused-variable]
  static long nSleepTimeCheckStatusUS = 1;  // mandatory
              ^~~~~~~~~~~~~~~~~~~~~~~
C:/COSMOS_KJH/CosmosPlus_Cluster/CosmosPlus_DFTL_Cluster_Bef/Cluster_Bef/fil/fil_nand.c: In function 'NAND_RESULT NAND_ProcessProgram(int, int, int, int, void*, void*, int)':
C:/COSMOS_KJH/CosmosPlus_Cluster/CosmosPlus_DFTL_Cluster_Bef/Cluster_Bef/fil/fil_nand.c:603:14: warning: unused variable 'nSleepTimeCheckStatusUS' [-Wunused-variable]
  static long nSleepTimeCheckStatusUS = 1;  // mandatory
              ^~~~~~~~~~~~~~~~~~~~~~~
C:/COSMOS_KJH/CosmosPlus_Cluster/CosmosPlus_DFTL_Cluster_Bef/Cluster_Bef/fil/fil_nand.c: In function 'unsigned int _GetRowAddress(int, int, int, int)':
C:/COSMOS_KJH/CosmosPlus_Cluster/CosmosPlus_DFTL_Cluster_Bef/Cluster_Bef/fil/fil_nand.c:870:15: warning: variable 'nDieNo' set but not used [-Wunused-but-set-variable]
  unsigned int nDieNo;
               ^~~~~~
C:/COSMOS_KJH/CosmosPlus_Cluster/CosmosPlus_DFTL_Cluster_Bef/Cluster_Bef/fil/fil_nand.c: At global scope:
C:/COSMOS_KJH/CosmosPlus_Cluster/CosmosPlus_DFTL_Cluster_Bef/Cluster_Bef/fil/fil_nand.c:931:12: warning: 'int _IsCmdSuccess(unsigned int)' defined but not used [-Wunused-function]
 static int _IsCmdSuccess(volatile unsigned int nStatusResult)
            ^~~~~~~~~~~~~
C:/COSMOS_KJH/CosmosPlus_Cluster/CosmosPlus_DFTL_Cluster_Bef/Cluster_Bef/fil/fil_nand.c:911:12: warning: 'int _IsCmdDone(unsigned int)' defined but not used [-Wunused-function]
 static int _IsCmdDone(volatile unsigned int nStatusResult)
            ^~~~~~~~~~
C:/COSMOS_KJH/CosmosPlus_Cluster/CosmosPlus_DFTL_Cluster_Bef/Cluster_Bef/fil/fil_nand.c:896:12: warning: 'int _IsRequestFail(unsigned int)' defined but not used [-Wunused-function]
 static int _IsRequestFail(unsigned int nResult)
            ^~~~~~~~~~~~~~
C:/COSMOS_KJH/CosmosPlus_Cluster/CosmosPlus_DFTL_Cluster_Bef/Cluster_Bef/fil/fil_nand.c:885:12: warning: 'int _IsRequestComplete(unsigned int)' defined but not used [-Wunused-function]
 static int _IsRequestComplete(unsigned int nResult)
            ^~~~~~~~~~~~~~~~~~
C:/COSMOS_KJH/CosmosPlus_Cluster/CosmosPlus_DFTL_Cluster_Bef/Cluster_Bef/fil/fil_nand.c:786:12: warning: 'int _IsValidAddress(int, int, int, int)' defined but not used [-Wunused-function]
 static int _IsValidAddress(int nCh, int nWay, int nBlock, int nPage)
            ^~~~~~~~~~~~~~~
C:/COSMOS_KJH/CosmosPlus_Cluster/CosmosPlus_DFTL_Cluster_Bef/Cluster_Bef/fil/fil_nand.c:603:14: warning: 'nSleepTimeCheckStatusUS' defined but not used [-Wunused-variable]
  static long nSleepTimeCheckStatusUS = 1;  // mandatory
              ^~~~~~~~~~~~~~~~~~~~~~~
C:/COSMOS_KJH/CosmosPlus_Cluster/CosmosPlus_DFTL_Cluster_Bef/Cluster_Bef/fil/fil_nand.c:206:14: warning: 'nSleepTimeCheckStatusUS' defined but not used [-Wunused-variable]
  static long nSleepTimeCheckStatusUS = 1;  // mandatory
              ^~~~~~~~~~~~~~~~~~~~~~~
'Finished building: C:/COSMOS_KJH/CosmosPlus_Cluster/CosmosPlus_DFTL_Cluster_Bef/Cluster_Bef/fil/fil_nand.c'
' '
'Building file: C:/COSMOS_KJH/CosmosPlus_Cluster/CosmosPlus_DFTL_Cluster_Bef/Cluster_Bef/fil/fil_request.c'
'Invoking: ARM v7 g++ compiler'
arm-none-eabi-g++ -DDFTL=1 -DCOSMOS_PLUS=1 -Wall -O0 -g3 -I../../CLUSTER_BEF_bsp/ps7_cortexa9_0/include -I../../../../common -I../../../../fil -I../../../../ftl -I../../../../ftl/dftl -I../../../../hil -I../../../../hil/nvme -I../../../../target -I../../../../target/cosmos_plus -c -fmessage-length=0 -MT"src/fil/fil_request.o" -mcpu=cortex-a9 -mfpu=vfpv3 -mfloat-abi=hard -MMD -MP -MF"src/fil/fil_request.d" -MT"src/fil/fil_request.o" -o "src/fil/fil_request.o" "C:/COSMOS_KJH/CosmosPlus_Cluster/CosmosPlus_DFTL_Cluster_Bef/Cluster_Bef/fil/fil_request.c"
'Finished building: C:/COSMOS_KJH/CosmosPlus_Cluster/CosmosPlus_DFTL_Cluster_Bef/Cluster_Bef/fil/fil_request.c'
' '
'Building file: C:/COSMOS_KJH/CosmosPlus_Cluster/CosmosPlus_DFTL_Cluster_Bef/Cluster_Bef/fil/nsc_driver.c'
'Invoking: ARM v7 g++ compiler'
arm-none-eabi-g++ -DDFTL=1 -DCOSMOS_PLUS=1 -Wall -O0 -g3 -I../../CLUSTER_BEF_bsp/ps7_cortexa9_0/include -I../../../../common -I../../../../fil -I../../../../ftl -I../../../../ftl/dftl -I../../../../hil -I../../../../hil/nvme -I../../../../target -I../../../../target/cosmos_plus -c -fmessage-length=0 -MT"src/fil/nsc_driver.o" -mcpu=cortex-a9 -mfpu=vfpv3 -mfloat-abi=hard -MMD -MP -MF"src/fil/nsc_driver.d" -MT"src/fil/nsc_driver.o" -o "src/fil/nsc_driver.o" "C:/COSMOS_KJH/CosmosPlus_Cluster/CosmosPlus_DFTL_Cluster_Bef/Cluster_Bef/fil/nsc_driver.c"
'Finished building: C:/COSMOS_KJH/CosmosPlus_Cluster/CosmosPlus_DFTL_Cluster_Bef/Cluster_Bef/fil/nsc_driver.c'
' '
'Building file: C:/COSMOS_KJH/CosmosPlus_Cluster/CosmosPlus_DFTL_Cluster_Bef/Cluster_Bef/common/list.c'
'Invoking: ARM v7 g++ compiler'
arm-none-eabi-g++ -DDFTL=1 -DCOSMOS_PLUS=1 -Wall -O0 -g3 -I../../CLUSTER_BEF_bsp/ps7_cortexa9_0/include -I../../../../common -I../../../../fil -I../../../../ftl -I../../../../ftl/dftl -I../../../../hil -I../../../../hil/nvme -I../../../../target -I../../../../target/cosmos_plus -c -fmessage-length=0 -MT"src/common/list.o" -mcpu=cortex-a9 -mfpu=vfpv3 -mfloat-abi=hard -MMD -MP -MF"src/common/list.d" -MT"src/common/list.o" -o "src/common/list.o" "C:/COSMOS_KJH/CosmosPlus_Cluster/CosmosPlus_DFTL_Cluster_Bef/Cluster_Bef/common/list.c"
'Finished building: C:/COSMOS_KJH/CosmosPlus_Cluster/CosmosPlus_DFTL_Cluster_Bef/Cluster_Bef/common/list.c'
' '
'Building file: C:/COSMOS_KJH/CosmosPlus_Cluster/CosmosPlus_DFTL_Cluster_Bef/Cluster_Bef/common/random.c'
'Invoking: ARM v7 g++ compiler'
arm-none-eabi-g++ -DDFTL=1 -DCOSMOS_PLUS=1 -Wall -O0 -g3 -I../../CLUSTER_BEF_bsp/ps7_cortexa9_0/include -I../../../../common -I../../../../fil -I../../../../ftl -I../../../../ftl/dftl -I../../../../hil -I../../../../hil/nvme -I../../../../target -I../../../../target/cosmos_plus -c -fmessage-length=0 -MT"src/common/random.o" -mcpu=cortex-a9 -mfpu=vfpv3 -mfloat-abi=hard -MMD -MP -MF"src/common/random.d" -MT"src/common/random.o" -o "src/common/random.o" "C:/COSMOS_KJH/CosmosPlus_Cluster/CosmosPlus_DFTL_Cluster_Bef/Cluster_Bef/common/random.c"
'Finished building: C:/COSMOS_KJH/CosmosPlus_Cluster/CosmosPlus_DFTL_Cluster_Bef/Cluster_Bef/common/random.c'
' '
'Building file: C:/COSMOS_KJH/CosmosPlus_Cluster/CosmosPlus_DFTL_Cluster_Bef/Cluster_Bef/common/statistics.c'
'Invoking: ARM v7 g++ compiler'
[...]
'Finished building target: CLUSTER_BEF.elf'
' '
'Invoking: ARM v7 Print Size'
arm-none-eabi-size CLUSTER_BEF.elf  |tee "CLUSTER_BEF.elf.size"
   text	   data	    bss	    dec	    hex	filename
 234708	   5000	  27788	 267496	  414e8	CLUSTER_BEF.elf
'Finished building: CLUSTER_BEF.elf.size'
' '
17:21:17 **** Incremental Build of configuration Debug for project CLUSTER_BEF ****
make pre-build main-build 
a9-linaro-pre-build-step
' '
make: Nothing to be done for 'main-build'.
14:45:54 **** Auto Build of configuration Debug for project CLUSTER_BEF ****
make pre-build main-build 
a9-linaro-pre-build-step
' '
'Building file: C:/COSMOS_KJH/CosmosPlus_Cluster/CosmosPlus_DFTL_Cluster_Bef/Cluster_Bef/ftl/dftl/dftl_request_hil.cpp'
'Invoking: ARM v7 g++ compiler'
arm-none-eabi-g++ -DDFTL=1 -DCOSMOS_PLUS=1 -Wall -O0 -g3 -I../../CLUSTER_BEF_bsp/ps7_cortexa9_0/include -I../../../../common -I../../../../fil -I../../../../ftl -I../../../../ftl/dftl -I../../../../hil -I../../../../hil/nvme -I../../../../target -I../../../../target/cosmos_plus -c -fmessage-length=0 -MT"src/ftl/dftl/dftl_request_hil.o" -mcpu=cortex-a9 -mfpu=vfpv3 -mfloat-abi=hard -MMD -MP -MF"src/ftl/dftl/dftl_request_hil.d" -MT"src/ftl/dftl/dftl_request_hil.o" -o "src/ftl/dftl/dftl_request_hil.o" "C:/COSMOS_KJH/CosmosPlus_Cluster/CosmosPlus_DFTL_Cluster_Bef/Cluster_Bef/ftl/dftl/dftl_request_hil.cpp"
In file included from C:/COSMOS_KJH/CosmosPlus_Cluster/CosmosPlus_DFTL_Cluster_Bef/Cluster_Bef/ftl/dftl/dftl_request_hil.cpp:17:
../../CLUSTER_BEF_bsp/ps7_cortexa9_0/include/xtime_l.h:87:70: note: #pragma message: For the sleep routines, Global timer is being used
 #pragma message ("For the sleep routines, Global timer is being used")
                                                                      ^
C:/COSMOS_KJH/CosmosPlus_Cluster/CosmosPlus_DFTL_Cluster_Bef/Cluster_Bef/ftl/dftl/dftl_request_hil.cpp: In member function 'virtual BOOL HIL_REQUEST::_ProcessRead_Wait()':
C:/COSMOS_KJH/CosmosPlus_Cluster/CosmosPlus_DFTL_Cluster_Bef/Cluster_Bef/ftl/dftl/dftl_request_hil.cpp:632:28: warning: comparison of integer expressions of different signedness: 'int' and 'UINT32' {aka 'unsigned int'} [-Wsign-compare]
          for (int j = 0; j < lpn_count; j++) {
                          ~~^~~~~~~~~~~
C:/COSMOS_KJH/CosmosPlus_Cluster/CosmosPlus_DFTL_Cluster_Bef/Cluster_Bef/ftl/dftl/dftl_request_hil.cpp:651:25: warning: comparison of integer expressions of different signedness: 'int' and 'UINT32' {aka 'unsigned int'} [-Wsign-compare]
       for (int j = 0; j < lpn_count; j++) {
                       ~~^~~~~~~~~~~
C:/COSMOS_KJH/CosmosPlus_Cluster/CosmosPlus_DFTL_Cluster_Bef/Cluster_Bef/ftl/dftl/dftl_request_hil.cpp:577:21: warning: unused variable 'pstBufferMgr' [-Wunused-variable]
    BUFFER_MGR*      pstBufferMgr = DFTL_GLOBAL::GetBufferMgr();
                     ^~~~~~~~~~~~
C:/COSMOS_KJH/CosmosPlus_Cluster/CosmosPlus_DFTL_Cluster_Bef/Cluster_Bef/ftl/dftl/dftl_request_hil.cpp: In member function 'virtual BOOL HIL_REQUEST_PER_WAY::_ProcessRead_Wait()':
C:/COSMOS_KJH/CosmosPlus_Cluster/CosmosPlus_DFTL_Cluster_Bef/Cluster_Bef/ftl/dftl/dftl_request_hil.cpp:858:37: warning: comparison of integer expressions of different signedness: 'unsigned int' and 'INT32' {aka 'int'} [-Wsign-compare]
          for (unsigned int i = 0; i < GetLPNCount(); i++) {
                                   ~~^~~~~~~~~~~~~~~
C:/COSMOS_KJH/CosmosPlus_Cluster/CosmosPlus_DFTL_Cluster_Bef/Cluster_Bef/ftl/dftl/dftl_request_hil.cpp:871:17: warning: comparison of integer expressions of different signedness: 'INT32' {aka 'int'} and 'unsigned int' [-Wsign-compare]
       if (nVPPN == INVALID_PPN)   // unmap read
C:/COSMOS_KJH/CosmosPlus_Cluster/CosmosPlus_DFTL_Cluster_Bef/Cluster_Bef/ftl/dftl/dftl_request_hil.cpp:900:86: warning: comparison of integer expressions of different signedness: 'UINT32' {aka 'unsigned int'} and 'INT32' {aka 'int'} [-Wsign-compare]
                if (((UINT32*)ReadCacheBuf->m_pSpareBuf)[LPN_OFFSET_FROM_VPPN(nVPPN)] != nLPN)
                    ~~~~~~~~~~~~~~~~~~~~~~~~~~~~~~~~~~~~~~~~~~~~~~~~~~~~~~~~~~~~~~~~~~^~~~~~~
In file included from C:/COSMOS_KJH/CosmosPlus_Cluster/CosmosPlus_DFTL_Cluster_Bef/Cluster_Bef/ftl/dftl/dftl_internal.h:39,
                 from C:/COSMOS_KJH/CosmosPlus_Cluster/CosmosPlus_DFTL_Cluster_Bef/Cluster_Bef/ftl/dftl/dftl_request_hil.cpp:18:
C:/COSMOS_KJH/CosmosPlus_Cluster/CosmosPlus_DFTL_Cluster_Bef/Cluster_Bef/ftl/dftl/dftl_request_hil.cpp:911:35: warning: comparison of integer expressions of different signedness: 'INT32' {aka 'int'} and 'UINT32' {aka 'unsigned int'} [-Wsign-compare]
                      ASSERT(nVPPN == nBufferingVPPN);
                             ~~~~~~^~~~~~~~~~~~~~~~~
../../../../common/debug.h:57:7: note: in definition of macro 'ASSERT'
 if (!(X))                \
       ^
C:/COSMOS_KJH/CosmosPlus_Cluster/CosmosPlus_DFTL_Cluster_Bef/Cluster_Bef/ftl/dftl/dftl_request_hil.cpp:961:52: warning: comparison of integer expressions of different signedness: 'INT32' {aka 'int'} and 'UINT32' {aka 'unsigned int'} [-Wsign-compare]
                if ((nVPPN >> NUM_BIT_LPN_PER_PAGE) == (read_VPPN[iter] >> NUM_BIT_LPN_PER_PAGE))
                    ~~~~~~~~~~~~~~~~~~~~~~~~~~~~~~~~^~~~~~~~~~~~~~~~~~~~~~~~~~~~~~~~~~~~~~~~~~~~
C:/COSMOS_KJH/CosmosPlus_Cluster/CosmosPlus_DFTL_Cluster_Bef/Cluster_Bef/ftl/dftl/dftl_request_hil.cpp:1002:22: warning: comparison of integer expressions of different signedness: 'INT32' {aka 'int'} and 'UINT32' {aka 'unsigned int'} [-Wsign-compare]
    if (GetLPNCount() == GetDoneCount())
        ~~~~~~~~~~~~~~^~~~~~~~~~~~~~~~~
C:/COSMOS_KJH/CosmosPlus_Cluster/CosmosPlus_DFTL_Cluster_Bef/Cluster_Bef/ftl/dftl/dftl_request_hil.cpp:818:18: warning: unused variable 'nVPPN' [-Wunused-variable]
    INT32         nVPPN;
                  ^~~~~
C:/COSMOS_KJH/CosmosPlus_Cluster/CosmosPlus_DFTL_Cluster_Bef/Cluster_Bef/ftl/dftl/dftl_request_hil.cpp: In member function 'BOOL HIL_REQUEST_PER_WAY::HDMAIssue()':
C:/COSMOS_KJH/CosmosPlus_Cluster/CosmosPlus_DFTL_Cluster_Bef/Cluster_Bef/ftl/dftl/dftl_request_hil.cpp:1081:40: warning: comparison of integer expressions of different signedness: 'UINT32' {aka 'unsigned int'} and 'INT32' {aka 'int'} [-Wsign-compare]
       if (m_parent_req->GetDoneCount() == m_parent_req->GetLPNCount()) {
           ~~~~~~~~~~~~~~~~~~~~~~~~~~~~~^~~~~~~~~~~~~~~~~~~~~~~~~~~~~~
C:/COSMOS_KJH/CosmosPlus_Cluster/CosmosPlus_DFTL_Cluster_Bef/Cluster_Bef/ftl/dftl/dftl_request_hil.cpp: In member function 'virtual BOOL HIL_REQUEST_PER_WAY::_ProcessWrite_Wait()':
C:/COSMOS_KJH/CosmosPlus_Cluster/CosmosPlus_DFTL_Cluster_Bef/Cluster_Bef/ftl/dftl/dftl_request_hil.cpp:1171:29: warning: comparison of integer expressions of different signedness: 'UINT32' {aka 'unsigned int'} and 'INT32' {aka 'int'} [-Wsign-compare]
    } while ((GetDoneCount() < GetLPNCount()) && (bSuccess == TRUE));
              ~~~~~~~~~~~~~~~^~~~~~~~~~~~~~~
C:/COSMOS_KJH/CosmosPlus_Cluster/CosmosPlus_DFTL_Cluster_Bef/Cluster_Bef/ftl/dftl/dftl_request_hil.cpp:1186:40: warning: comparison of integer expressions of different signedness: 'UINT32' {aka 'unsigned int'} and 'INT32' {aka 'int'} [-Wsign-compare]
       if (m_parent_req->GetDoneCount() == m_parent_req->GetLPNCount()) {
           ~~~~~~~~~~~~~~~~~~~~~~~~~~~~~^~~~~~~~~~~~~~~~~~~~~~~~~~~~~~
C:/COSMOS_KJH/CosmosPlus_Cluster/CosmosPlus_DFTL_Cluster_Bef/Cluster_Bef/ftl/dftl/dftl_request_hil.cpp: In member function 'BOOL HIL_REQUEST::_ProcessDSM_Wait()':
C:/COSMOS_KJH/CosmosPlus_Cluster/CosmosPlus_DFTL_Cluster_Bef/Cluster_Bef/ftl/dftl/dftl_request_hil.cpp:1203:9: warning: unused variable 'DSLength' [-Wunused-variable]
  UINT32 DSLength = 0;
         ^~~~~~~~
In file included from C:/COSMOS_KJH/CosmosPlus_Cluster/CosmosPlus_DFTL_Cluster_Bef/Cluster_Bef/ftl/dftl/dftl_internal.h:61,
                 from C:/COSMOS_KJH/CosmosPlus_Cluster/CosmosPlus_DFTL_Cluster_Bef/Cluster_Bef/ftl/dftl/dftl_request_hil.cpp:18:
C:/COSMOS_KJH/CosmosPlus_Cluster/CosmosPlus_DFTL_Cluster_Bef/Cluster_Bef/ftl/dftl/dftl_profile.h: At global scope:
C:/COSMOS_KJH/CosmosPlus_Cluster/CosmosPlus_DFTL_Cluster_Bef/Cluster_Bef/ftl/dftl/dftl_profile.h:63:15: warning: 'DFTL_profile' defined but not used [-Wunused-variable]
 static UINT32 DFTL_profile[Prof_Total_Num];
               ^~~~~~~~~~~~
'Finished building: C:/COSMOS_KJH/CosmosPlus_Cluster/CosmosPlus_DFTL_Cluster_Bef/Cluster_Bef/ftl/dftl/dftl_request_hil.cpp'
' '
'Building target: CLUSTER_BEF.elf'
'Invoking: ARM v7 g++ linker'
arm-none-eabi-g++ -mcpu=cortex-a9 -mfpu=vfpv3 -mfloat-abi=hard -Wl,-build-id=none -specs=Xilinx.spec -Wl,-T -Wl,../src/lscript.ld -L../../CLUSTER_BEF_bsp/ps7_cortexa9_0/lib -o "CLUSTER_BEF.elf"  ./src/target/cosmos_plus/cosmos_plus_system.o  ./src/target/main.o ./src/target/osal.o  ./src/hil/nvme/host_lld.o ./src/hil/nvme/nvme_admin_cmd.o ./src/hil/nvme/nvme_identify.o ./src/hil/nvme/nvme_io_cmd.o ./src/hil/nvme/nvme_main.o  ./src/hil/hil.o  ./src/ftl/dftl/dftl_activeblock.o ./src/ftl/dftl/dftl_block.o ./src/ftl/dftl/dftl_bufferpool.o ./src/ftl/dftl/dftl_external_interface.o ./src/ftl/dftl/dftl_garbagecollector.o ./src/ftl/dftl/dftl_global.o ./src/ftl/dftl/dftl_hdma.o ./src/ftl/dftl/dftl_meta.o ./src/ftl/dftl/dftl_profile.o ./src/ftl/dftl/dftl_request.o ./src/ftl/dftl/dftl_request_gc.o ./src/ftl/dftl/dftl_request_hil.o ./src/ftl/dftl/dftl_request_meta.o ./src/ftl/dftl/dftl_vnand.o  ./src/ftl/template.o ./src/ftl/template_cpp.o  ./src/fil/fil.o ./src/fil/fil_nand.o ./src/fil/fil_request.o ./src/fil/nsc_driver.o  ./src/common/list.o ./src/common/random.o ./src/common/statistics.o ./src/common/util.o   -Wl,--start-group,-lxil,-lgcc,-lc,-lstdc++,--end-group
'Finished building target: CLUSTER_BEF.elf'
' '
'Invoking: ARM v7 Print Size'
arm-none-eabi-size CLUSTER_BEF.elf  |tee "CLUSTER_BEF.elf.size"
   text	   data	    bss	    dec	    hex	filename
 234708	   5000	  27788	 267496	  414e8	CLUSTER_BEF.elf
'Finished building: CLUSTER_BEF.elf.size'
' '
14:46:01 **** Auto Build of configuration Debug for project CLUSTER_BEF ****
make pre-build main-build 
a9-linaro-pre-build-step
' '
'Building file: C:/COSMOS_KJH/CosmosPlus_Cluster/CosmosPlus_DFTL_Cluster_Bef/Cluster_Bef/ftl/dftl/dftl_request_hil.cpp'
'Invoking: ARM v7 g++ compiler'
arm-none-eabi-g++ -DDFTL=1 -DCOSMOS_PLUS=1 -Wall -O0 -g3 -I../../CLUSTER_BEF_bsp/ps7_cortexa9_0/include -I../../../../common -I../../../../fil -I../../../../ftl -I../../../../ftl/dftl -I../../../../hil -I../../../../hil/nvme -I../../../../target -I../../../../target/cosmos_plus -c -fmessage-length=0 -MT"src/ftl/dftl/dftl_request_hil.o" -mcpu=cortex-a9 -mfpu=vfpv3 -mfloat-abi=hard -MMD -MP -MF"src/ftl/dftl/dftl_request_hil.d" -MT"src/ftl/dftl/dftl_request_hil.o" -o "src/ftl/dftl/dftl_request_hil.o" "C:/COSMOS_KJH/CosmosPlus_Cluster/CosmosPlus_DFTL_Cluster_Bef/Cluster_Bef/ftl/dftl/dftl_request_hil.cpp"
In file included from C:/COSMOS_KJH/CosmosPlus_Cluster/CosmosPlus_DFTL_Cluster_Bef/Cluster_Bef/ftl/dftl/dftl_request_hil.cpp:17:
../../CLUSTER_BEF_bsp/ps7_cortexa9_0/include/xtime_l.h:87:70: note: #pragma message: For the sleep routines, Global timer is being used
 #pragma message ("For the sleep routines, Global timer is being used")
                                                                      ^
C:/COSMOS_KJH/CosmosPlus_Cluster/CosmosPlus_DFTL_Cluster_Bef/Cluster_Bef/ftl/dftl/dftl_request_hil.cpp: In member function 'virtual BOOL HIL_REQUEST::_ProcessRead_Wait()':
C:/COSMOS_KJH/CosmosPlus_Cluster/CosmosPlus_DFTL_Cluster_Bef/Cluster_Bef/ftl/dftl/dftl_request_hil.cpp:632:28: warning: comparison of integer expressions of different signedness: 'int' and 'UINT32' {aka 'unsigned int'} [-Wsign-compare]
          for (int j = 0; j < lpn_count; j++) {
                          ~~^~~~~~~~~~~
C:/COSMOS_KJH/CosmosPlus_Cluster/CosmosPlus_DFTL_Cluster_Bef/Cluster_Bef/ftl/dftl/dftl_request_hil.cpp:651:25: warning: comparison of integer expressions of different signedness: 'int' and 'UINT32' {aka 'unsigned int'} [-Wsign-compare]
       for (int j = 0; j < lpn_count; j++) {
                       ~~^~~~~~~~~~~
C:/COSMOS_KJH/CosmosPlus_Cluster/CosmosPlus_DFTL_Cluster_Bef/Cluster_Bef/ftl/dftl/dftl_request_hil.cpp:577:21: warning: unused variable 'pstBufferMgr' [-Wunused-variable]
    BUFFER_MGR*      pstBufferMgr = DFTL_GLOBAL::GetBufferMgr();
                     ^~~~~~~~~~~~
C:/COSMOS_KJH/CosmosPlus_Cluster/CosmosPlus_DFTL_Cluster_Bef/Cluster_Bef/ftl/dftl/dftl_request_hil.cpp: In member function 'virtual BOOL HIL_REQUEST_PER_WAY::_ProcessRead_Wait()':
C:/COSMOS_KJH/CosmosPlus_Cluster/CosmosPlus_DFTL_Cluster_Bef/Cluster_Bef/ftl/dftl/dftl_request_hil.cpp:858:37: warning: comparison of integer expressions of different signedness: 'unsigned int' and 'INT32' {aka 'int'} [-Wsign-compare]
          for (unsigned int i = 0; i < GetLPNCount(); i++) {
                                   ~~^~~~~~~~~~~~~~~
C:/COSMOS_KJH/CosmosPlus_Cluster/CosmosPlus_DFTL_Cluster_Bef/Cluster_Bef/ftl/dftl/dftl_request_hil.cpp:871:17: warning: comparison of integer expressions of different signedness: 'INT32' {aka 'int'} and 'unsigned int' [-Wsign-compare]
       if (nVPPN == INVALID_PPN)   // unmap read
C:/COSMOS_KJH/CosmosPlus_Cluster/CosmosPlus_DFTL_Cluster_Bef/Cluster_Bef/ftl/dftl/dftl_request_hil.cpp:900:86: warning: comparison of integer expressions of different signedness: 'UINT32' {aka 'unsigned int'} and 'INT32' {aka 'int'} [-Wsign-compare]
                if (((UINT32*)ReadCacheBuf->m_pSpareBuf)[LPN_OFFSET_FROM_VPPN(nVPPN)] != nLPN)
                    ~~~~~~~~~~~~~~~~~~~~~~~~~~~~~~~~~~~~~~~~~~~~~~~~~~~~~~~~~~~~~~~~~~^~~~~~~
In file included from C:/COSMOS_KJH/CosmosPlus_Cluster/CosmosPlus_DFTL_Cluster_Bef/Cluster_Bef/ftl/dftl/dftl_internal.h:39,
                 from C:/COSMOS_KJH/CosmosPlus_Cluster/CosmosPlus_DFTL_Cluster_Bef/Cluster_Bef/ftl/dftl/dftl_request_hil.cpp:18:
C:/COSMOS_KJH/CosmosPlus_Cluster/CosmosPlus_DFTL_Cluster_Bef/Cluster_Bef/ftl/dftl/dftl_request_hil.cpp:911:35: warning: comparison of integer expressions of different signedness: 'INT32' {aka 'int'} and 'UINT32' {aka 'unsigned int'} [-Wsign-compare]
                      ASSERT(nVPPN == nBufferingVPPN);
                             ~~~~~~^~~~~~~~~~~~~~~~~
../../../../common/debug.h:57:7: note: in definition of macro 'ASSERT'
 if (!(X))                \
       ^
C:/COSMOS_KJH/CosmosPlus_Cluster/CosmosPlus_DFTL_Cluster_Bef/Cluster_Bef/ftl/dftl/dftl_request_hil.cpp:961:52: warning: comparison of integer expressions of different signedness: 'INT32' {aka 'int'} and 'UINT32' {aka 'unsigned int'} [-Wsign-compare]
                if ((nVPPN >> NUM_BIT_LPN_PER_PAGE) == (read_VPPN[iter] >> NUM_BIT_LPN_PER_PAGE))
                    ~~~~~~~~~~~~~~~~~~~~~~~~~~~~~~~~^~~~~~~~~~~~~~~~~~~~~~~~~~~~~~~~~~~~~~~~~~~~
C:/COSMOS_KJH/CosmosPlus_Cluster/CosmosPlus_DFTL_Cluster_Bef/Cluster_Bef/ftl/dftl/dftl_request_hil.cpp:1002:22: warning: comparison of integer expressions of different signedness: 'INT32' {aka 'int'} and 'UINT32' {aka 'unsigned int'} [-Wsign-compare]
    if (GetLPNCount() == GetDoneCount())
        ~~~~~~~~~~~~~~^~~~~~~~~~~~~~~~~
C:/COSMOS_KJH/CosmosPlus_Cluster/CosmosPlus_DFTL_Cluster_Bef/Cluster_Bef/ftl/dftl/dftl_request_hil.cpp:818:18: warning: unused variable 'nVPPN' [-Wunused-variable]
    INT32         nVPPN;
                  ^~~~~
C:/COSMOS_KJH/CosmosPlus_Cluster/CosmosPlus_DFTL_Cluster_Bef/Cluster_Bef/ftl/dftl/dftl_request_hil.cpp: In member function 'BOOL HIL_REQUEST_PER_WAY::HDMAIssue()':
C:/COSMOS_KJH/CosmosPlus_Cluster/CosmosPlus_DFTL_Cluster_Bef/Cluster_Bef/ftl/dftl/dftl_request_hil.cpp:1081:40: warning: comparison of integer expressions of different signedness: 'UINT32' {aka 'unsigned int'} and 'INT32' {aka 'int'} [-Wsign-compare]
       if (m_parent_req->GetDoneCount() == m_parent_req->GetLPNCount()) {
           ~~~~~~~~~~~~~~~~~~~~~~~~~~~~~^~~~~~~~~~~~~~~~~~~~~~~~~~~~~~
C:/COSMOS_KJH/CosmosPlus_Cluster/CosmosPlus_DFTL_Cluster_Bef/Cluster_Bef/ftl/dftl/dftl_request_hil.cpp: In member function 'virtual BOOL HIL_REQUEST_PER_WAY::_ProcessWrite_Wait()':
C:/COSMOS_KJH/CosmosPlus_Cluster/CosmosPlus_DFTL_Cluster_Bef/Cluster_Bef/ftl/dftl/dftl_request_hil.cpp:1171:29: warning: comparison of integer expressions of different signedness: 'UINT32' {aka 'unsigned int'} and 'INT32' {aka 'int'} [-Wsign-compare]
    } while ((GetDoneCount() < GetLPNCount()) && (bSuccess == TRUE));
              ~~~~~~~~~~~~~~~^~~~~~~~~~~~~~~
C:/COSMOS_KJH/CosmosPlus_Cluster/CosmosPlus_DFTL_Cluster_Bef/Cluster_Bef/ftl/dftl/dftl_request_hil.cpp:1186:40: warning: comparison of integer expressions of different signedness: 'UINT32' {aka 'unsigned int'} and 'INT32' {aka 'int'} [-Wsign-compare]
       if (m_parent_req->GetDoneCount() == m_parent_req->GetLPNCount()) {
           ~~~~~~~~~~~~~~~~~~~~~~~~~~~~~^~~~~~~~~~~~~~~~~~~~~~~~~~~~~~
C:/COSMOS_KJH/CosmosPlus_Cluster/CosmosPlus_DFTL_Cluster_Bef/Cluster_Bef/ftl/dftl/dftl_request_hil.cpp: In member function 'BOOL HIL_REQUEST::_ProcessDSM_Wait()':
C:/COSMOS_KJH/CosmosPlus_Cluster/CosmosPlus_DFTL_Cluster_Bef/Cluster_Bef/ftl/dftl/dftl_request_hil.cpp:1203:9: warning: unused variable 'DSLength' [-Wunused-variable]
  UINT32 DSLength = 0;
         ^~~~~~~~
In file included from C:/COSMOS_KJH/CosmosPlus_Cluster/CosmosPlus_DFTL_Cluster_Bef/Cluster_Bef/ftl/dftl/dftl_internal.h:61,
                 from C:/COSMOS_KJH/CosmosPlus_Cluster/CosmosPlus_DFTL_Cluster_Bef/Cluster_Bef/ftl/dftl/dftl_request_hil.cpp:18:
C:/COSMOS_KJH/CosmosPlus_Cluster/CosmosPlus_DFTL_Cluster_Bef/Cluster_Bef/ftl/dftl/dftl_profile.h: At global scope:
C:/COSMOS_KJH/CosmosPlus_Cluster/CosmosPlus_DFTL_Cluster_Bef/Cluster_Bef/ftl/dftl/dftl_profile.h:63:15: warning: 'DFTL_profile' defined but not used [-Wunused-variable]
 static UINT32 DFTL_profile[Prof_Total_Num];
               ^~~~~~~~~~~~
'Finished building: C:/COSMOS_KJH/CosmosPlus_Cluster/CosmosPlus_DFTL_Cluster_Bef/Cluster_Bef/ftl/dftl/dftl_request_hil.cpp'
' '
'Building target: CLUSTER_BEF.elf'
'Invoking: ARM v7 g++ linker'
arm-none-eabi-g++ -mcpu=cortex-a9 -mfpu=vfpv3 -mfloat-abi=hard -Wl,-build-id=none -specs=Xilinx.spec -Wl,-T -Wl,../src/lscript.ld -L../../CLUSTER_BEF_bsp/ps7_cortexa9_0/lib -o "CLUSTER_BEF.elf"  ./src/target/cosmos_plus/cosmos_plus_system.o  ./src/target/main.o ./src/target/osal.o  ./src/hil/nvme/host_lld.o ./src/hil/nvme/nvme_admin_cmd.o ./src/hil/nvme/nvme_identify.o ./src/hil/nvme/nvme_io_cmd.o ./src/hil/nvme/nvme_main.o  ./src/hil/hil.o  ./src/ftl/dftl/dftl_activeblock.o ./src/ftl/dftl/dftl_block.o ./src/ftl/dftl/dftl_bufferpool.o ./src/ftl/dftl/dftl_external_interface.o ./src/ftl/dftl/dftl_garbagecollector.o ./src/ftl/dftl/dftl_global.o ./src/ftl/dftl/dftl_hdma.o ./src/ftl/dftl/dftl_meta.o ./src/ftl/dftl/dftl_profile.o ./src/ftl/dftl/dftl_request.o ./src/ftl/dftl/dftl_request_gc.o ./src/ftl/dftl/dftl_request_hil.o ./src/ftl/dftl/dftl_request_meta.o ./src/ftl/dftl/dftl_vnand.o  ./src/ftl/template.o ./src/ftl/template_cpp.o  ./src/fil/fil.o ./src/fil/fil_nand.o ./src/fil/fil_request.o ./src/fil/nsc_driver.o  ./src/common/list.o ./src/common/random.o ./src/common/statistics.o ./src/common/util.o   -Wl,--start-group,-lxil,-lgcc,-lc,-lstdc++,--end-group
'Finished building target: CLUSTER_BEF.elf'
' '
'Invoking: ARM v7 Print Size'
arm-none-eabi-size CLUSTER_BEF.elf  |tee "CLUSTER_BEF.elf.size"
   text	   data	    bss	    dec	    hex	filename
 234708	   5000	  27788	 267496	  414e8	CLUSTER_BEF.elf
'Finished building: CLUSTER_BEF.elf.size'
' '
14:46:23 **** Incremental Build of configuration Debug for project CLUSTER_BEF ****
make pre-build main-build 
a9-linaro-pre-build-step
' '
make: Nothing to be done for 'main-build'.
