21:07:05 **** Auto Build of configuration Debug for project CDTRIM_CACHE ****
make pre-build main-build 
a9-linaro-pre-build-step
' '
'Building file: C:/COSMOS_KJH/CosmosPlus_Cluster/CosmosPlus_DFTL_Cluster_DTRIM_Extent/CDTRIM/ftl/dftl/dftl_global.cpp'
'Invoking: ARM v7 g++ compiler'
arm-none-eabi-g++ -DCOSMOS_PLUS=1 -DDFTL=1 -Wall -O0 -g3 -I../../CDTRIM_CACHE_bsp/ps7_cortexa9_0/include -I../../../../common -I../../../../hil -I../../../../hil/nvme -I../../../../ftl -I../../../../ftl/dftl -I../../../../target -I../../../../target/cosmos_plus -I../../../../fil -c -fmessage-length=0 -MT"src/ftl/dftl/dftl_global.o" -mcpu=cortex-a9 -mfpu=vfpv3 -mfloat-abi=hard -MMD -MP -MF"src/ftl/dftl/dftl_global.d" -MT"src/ftl/dftl/dftl_global.o" -o "src/ftl/dftl/dftl_global.o" "C:/COSMOS_KJH/CosmosPlus_Cluster/CosmosPlus_DFTL_Cluster_DTRIM_Extent/CDTRIM/ftl/dftl/dftl_global.cpp"
C:/COSMOS_KJH/CosmosPlus_Cluster/CosmosPlus_DFTL_Cluster_DTRIM_Extent/CDTRIM/ftl/dftl/dftl_global.cpp: In member function 'void TRIM_MGR::InvalidateOverlap(UINT32, UINT32)':
C:/COSMOS_KJH/CosmosPlus_Cluster/CosmosPlus_DFTL_Cluster_DTRIM_Extent/CDTRIM/ftl/dftl/dftl_global.cpp:189:20: warning: unused variable 'nOldStart' [-Wunused-variable]
             UINT32 nOldStart = nTrimStart;
                    ^~~~~~~~~
C:/COSMOS_KJH/CosmosPlus_Cluster/CosmosPlus_DFTL_Cluster_DTRIM_Extent/CDTRIM/ftl/dftl/dftl_global.cpp:190:20: warning: unused variable 'nOldLen' [-Wunused-variable]
             UINT32 nOldLen = pCurr->m_nLength;
                    ^~~~~~~
C:/COSMOS_KJH/CosmosPlus_Cluster/CosmosPlus_DFTL_Cluster_DTRIM_Extent/CDTRIM/ftl/dftl/dftl_global.cpp: In member function 'virtual VOID DFTL_GLOBAL::CallBack(FTL_REQUEST_ID)':
C:/COSMOS_KJH/CosmosPlus_Cluster/CosmosPlus_DFTL_Cluster_DTRIM_Extent/CDTRIM/ftl/dftl/dftl_global.cpp:884:34: warning: comparison of integer expressions of different signedness: 'UINT32' {aka 'unsigned int'} and 'INT32' {aka 'int'} [-Wsign-compare]
   if (pstRequest->GetDoneCount() == pstRequest->GetLPNCount())
       ~~~~~~~~~~~~~~~~~~~~~~~~~~~^~~~~~~~~~~~~~~~~~~~~~~~~~~~
C:/COSMOS_KJH/CosmosPlus_Cluster/CosmosPlus_DFTL_Cluster_DTRIM_Extent/CDTRIM/ftl/dftl/dftl_global.cpp: In member function 'BUFFER_ENTRY* Read_Cache::get_buffer_by_VPPN(UINT32)':
C:/COSMOS_KJH/CosmosPlus_Cluster/CosmosPlus_DFTL_Cluster_DTRIM_Extent/CDTRIM/ftl/dftl/dftl_global.cpp:1105:37: warning: comparison of integer expressions of different signedness: 'int' and 'UINT32' {aka 'unsigned int'} [-Wsign-compare]
  for (int iter = start_offset; iter < end_offset; iter++)
                                ~~~~~^~~~~~~~~~~~
C:/COSMOS_KJH/CosmosPlus_Cluster/CosmosPlus_DFTL_Cluster_DTRIM_Extent/CDTRIM/ftl/dftl/dftl_global.cpp: In member function 'VOID Read_Cache::free_buffer_by_VPPN(UINT32)':
C:/COSMOS_KJH/CosmosPlus_Cluster/CosmosPlus_DFTL_Cluster_DTRIM_Extent/CDTRIM/ftl/dftl/dftl_global.cpp:1122:37: warning: comparison of integer expressions of different signedness: 'int' and 'UINT32' {aka 'unsigned int'} [-Wsign-compare]
  for (int iter = start_offset; iter < end_offset; iter++)
                                ~~~~~^~~~~~~~~~~~
C:/COSMOS_KJH/CosmosPlus_Cluster/CosmosPlus_DFTL_Cluster_DTRIM_Extent/CDTRIM/ftl/dftl/dftl_global.cpp: At global scope:
C:/COSMOS_KJH/CosmosPlus_Cluster/CosmosPlus_DFTL_Cluster_DTRIM_Extent/CDTRIM/ftl/dftl/dftl_global.cpp:42:15: warning: 'g_clusterUtils' defined but not used [-Wunused-variable]
 static UINT32 g_clusterUtils[USER_CLUSTERS];
               ^~~~~~~~~~~~~~
In file included from C:/COSMOS_KJH/CosmosPlus_Cluster/CosmosPlus_DFTL_Cluster_DTRIM_Extent/CDTRIM/ftl/dftl/dftl_internal.h:61,
                 from C:/COSMOS_KJH/CosmosPlus_Cluster/CosmosPlus_DFTL_Cluster_DTRIM_Extent/CDTRIM/ftl/dftl/dftl_global.cpp:16:
C:/COSMOS_KJH/CosmosPlus_Cluster/CosmosPlus_DFTL_Cluster_DTRIM_Extent/CDTRIM/ftl/dftl/dftl_profile.h:77:15: warning: 'DFTL_profile' defined but not used [-Wunused-variable]
 static UINT32 DFTL_profile[Prof_Total_Num];
               ^~~~~~~~~~~~
'Finished building: C:/COSMOS_KJH/CosmosPlus_Cluster/CosmosPlus_DFTL_Cluster_DTRIM_Extent/CDTRIM/ftl/dftl/dftl_global.cpp'
' '
'Building target: CDTRIM_CACHE.elf'
'Invoking: ARM v7 g++ linker'
arm-none-eabi-g++ -mcpu=cortex-a9 -mfpu=vfpv3 -mfloat-abi=hard -Wl,-build-id=none -specs=Xilinx.spec -Wl,-T -Wl,../src/lscript.ld -L../../CDTRIM_CACHE_bsp/ps7_cortexa9_0/lib -o "CDTRIM_CACHE.elf"  ./src/target/cosmos_plus/cosmos_plus_system.o  ./src/target/main.o ./src/target/osal.o  ./src/hil/nvme/host_lld.o ./src/hil/nvme/nvme_admin_cmd.o ./src/hil/nvme/nvme_identify.o ./src/hil/nvme/nvme_io_cmd.o ./src/hil/nvme/nvme_main.o  ./src/hil/hil.o  ./src/ftl/dftl/dftl_activeblock.o ./src/ftl/dftl/dftl_block.o ./src/ftl/dftl/dftl_bufferpool.o ./src/ftl/dftl/dftl_external_interface.o ./src/ftl/dftl/dftl_garbagecollector.o ./src/ftl/dftl/dftl_global.o ./src/ftl/dftl/dftl_hdma.o ./src/ftl/dftl/dftl_meta.o ./src/ftl/dftl/dftl_profile.o ./src/ftl/dftl/dftl_request.o ./src/ftl/dftl/dftl_request_gc.o ./src/ftl/dftl/dftl_request_hil.o ./src/ftl/dftl/dftl_request_meta.o ./src/ftl/dftl/dftl_vnand.o  ./src/ftl/template.o ./src/ftl/template_cpp.o  ./src/fil/fil.o ./src/fil/fil_nand.o ./src/fil/fil_request.o ./src/fil/nsc_driver.o  ./src/common/list.o ./src/common/random.o ./src/common/statistics.o ./src/common/util.o   -Wl,--start-group,-lxil,-lgcc,-lc,-lstdc++,--end-group
'Finished building target: CDTRIM_CACHE.elf'
' '
'Invoking: ARM v7 Print Size'
arm-none-eabi-size CDTRIM_CACHE.elf  |tee "CDTRIM_CACHE.elf.size"
   text	   data	    bss	    dec	    hex	filename
 232676	   3592	  28468	 264736	  40a20	CDTRIM_CACHE.elf
'Finished building: CDTRIM_CACHE.elf.size'
' '

21:07:07 Build Finished (took 1s.847ms)

