10:38:02 **** Auto Build of configuration Debug for project SDTRIM ****
make pre-build main-build 
a9-linaro-pre-build-step
' '
'Building file: C:/COSMOS_KJH/CosmosPlus_DFTL_Superblock_DTRIM/SDTRIM/ftl/dftl/dftl_garbagecollector.cpp'
'Invoking: ARM v7 g++ compiler'
arm-none-eabi-g++ -DDFTL=1 -DCOSMOS_PLUS=1 -Wall -O0 -g3 -I../../SDTRIM_bsp/ps7_cortexa9_0/include -I../../../../common -I../../../../fil -I../../../../ftl -I../../../../ftl/dftl -I../../../../hil -I../../../../hil/nvme -I../../../../target -I../../../../target/cosmos_plus -c -fmessage-length=0 -MT"src/ftl/dftl/dftl_garbagecollector.o" -mcpu=cortex-a9 -mfpu=vfpv3 -mfloat-abi=hard -MMD -MP -MF"src/ftl/dftl/dftl_garbagecollector.d" -MT"src/ftl/dftl/dftl_garbagecollector.o" -o "src/ftl/dftl/dftl_garbagecollector.o" "C:/COSMOS_KJH/CosmosPlus_DFTL_Superblock_DTRIM/SDTRIM/ftl/dftl/dftl_garbagecollector.cpp"
C:/COSMOS_KJH/CosmosPlus_DFTL_Superblock_DTRIM/SDTRIM/ftl/dftl/dftl_garbagecollector.cpp: In member function 'BOOL SUPER_GC_MGR::IsGCRunning()':
C:/COSMOS_KJH/CosmosPlus_DFTL_Superblock_DTRIM/SDTRIM/ftl/dftl/dftl_garbagecollector.cpp:31:19: warning: comparison of integer expressions of different signedness: 'INT32' {aka 'int'} and 'unsigned int' [-Wsign-compare]
  if (m_nVictimVBN == INVALID_VBN)
C:/COSMOS_KJH/CosmosPlus_DFTL_Superblock_DTRIM/SDTRIM/ftl/dftl/dftl_garbagecollector.cpp: In member function 'BOOL SUPER_GC_MGR::CheckAndStartGC()':
C:/COSMOS_KJH/CosmosPlus_DFTL_Superblock_DTRIM/SDTRIM/ftl/dftl/dftl_garbagecollector.cpp:151:10: warning: unused variable 'SegmentCnt' [-Wunused-variable]
   UINT32 SegmentCnt = FindTopKTrimSegments(32);
          ^~~~~~~~~~
C:/COSMOS_KJH/CosmosPlus_DFTL_Superblock_DTRIM/SDTRIM/ftl/dftl/dftl_garbagecollector.cpp:169:12: warning: variable 'get_vcnt' set but not used [-Wunused-but-set-variable]
       auto get_vcnt = [&](int ch, int wy) -> UINT32 {
            ^~~~~~~~
C:/COSMOS_KJH/CosmosPlus_DFTL_Superblock_DTRIM/SDTRIM/ftl/dftl/dftl_garbagecollector.cpp: In member function 'BOOL GC_MGR::IsGCRunning()':
C:/COSMOS_KJH/CosmosPlus_DFTL_Superblock_DTRIM/SDTRIM/ftl/dftl/dftl_garbagecollector.cpp:241:19: warning: comparison of integer expressions of different signedness: 'INT32' {aka 'int'} and 'unsigned int' [-Wsign-compare]
  if (m_nVictimVBN == INVALID_VBN)
C:/COSMOS_KJH/CosmosPlus_DFTL_Superblock_DTRIM/SDTRIM/ftl/dftl/dftl_garbagecollector.cpp: In member function 'VOID GC_MGR::IncreaseWriteCount()':
C:/COSMOS_KJH/CosmosPlus_DFTL_Superblock_DTRIM/SDTRIM/ftl/dftl/dftl_garbagecollector.cpp:362:10: warning: variable 'get_vcnt' set but not used [-Wunused-but-set-variable]
     auto get_vcnt = [&](int ch, int wy) -> UINT32 {
          ^~~~~~~~
C:/COSMOS_KJH/CosmosPlus_DFTL_Superblock_DTRIM/SDTRIM/ftl/dftl/dftl_garbagecollector.cpp: In member function 'VOID GC_MGR::_Read()':
C:/COSMOS_KJH/CosmosPlus_DFTL_Superblock_DTRIM/SDTRIM/ftl/dftl/dftl_garbagecollector.cpp:423:21: warning: comparison of integer expressions of different signedness: 'UINT32' {aka 'unsigned int'} and 'INT32' {aka 'int'} [-Wsign-compare]
  if (m_nIssuedCount != m_nWriteCount && m_nIssuedCount != m_nWriteCount + 1) {
      ~~~~~~~~~~~~~~~^~~~~~~~~~~~~~~~
C:/COSMOS_KJH/CosmosPlus_DFTL_Superblock_DTRIM/SDTRIM/ftl/dftl/dftl_garbagecollector.cpp:423:56: warning: comparison of integer expressions of different signedness: 'UINT32' {aka 'unsigned int'} and 'INT32' {aka 'int'} [-Wsign-compare]
  if (m_nIssuedCount != m_nWriteCount && m_nIssuedCount != m_nWriteCount + 1) {
                                         ~~~~~~~~~~~~~~~^~~~~~~~~~~~~~~~~~~~
C:/COSMOS_KJH/CosmosPlus_DFTL_Superblock_DTRIM/SDTRIM/ftl/dftl/dftl_garbagecollector.cpp:433:23: warning: comparison of integer expressions of different signedness: 'INT32' {aka 'int'} and 'UINT32' {aka 'unsigned int'} [-Wsign-compare]
     if (m_nWriteCount == m_nIssuedCount)
         ~~~~~~~~~~~~~~^~~~~~~~~~~~~~~~~
C:/COSMOS_KJH/CosmosPlus_DFTL_Superblock_DTRIM/SDTRIM/ftl/dftl/dftl_garbagecollector.cpp:447:12: warning: variable 'get_vcnt' set but not used [-Wunused-but-set-variable]
       auto get_vcnt = [&](int ch, int wy) -> UINT32 {
            ^~~~~~~~
C:/COSMOS_KJH/CosmosPlus_DFTL_Superblock_DTRIM/SDTRIM/ftl/dftl/dftl_garbagecollector.cpp:490:17: warning: comparison of integer expressions of different signedness: 'INT32' {aka 'int'} and 'UINT32' {aka 'unsigned int'} [-Wsign-compare]
      if (m_nVPC != m_nIssuedCount)
          ~~~~~~~^~~~~~~~~~~~~~~~~
C:/COSMOS_KJH/CosmosPlus_DFTL_Superblock_DTRIM/SDTRIM/ftl/dftl/dftl_garbagecollector.cpp:504:23: warning: comparison of integer expressions of different signedness: 'INT32' {aka 'int'} and 'UINT32' {aka 'unsigned int'} [-Wsign-compare]
     if (m_nWriteCount == m_nIssuedCount)
         ~~~~~~~~~~~~~~^~~~~~~~~~~~~~~~~
C:/COSMOS_KJH/CosmosPlus_DFTL_Superblock_DTRIM/SDTRIM/ftl/dftl/dftl_garbagecollector.cpp:516:17: warning: comparison of integer expressions of different signedness: 'INT32' {aka 'int'} and 'UINT32' {aka 'unsigned int'} [-Wsign-compare]
      if (m_nVPC != m_nIssuedCount)
          ~~~~~~~^~~~~~~~~~~~~~~~~
C:/COSMOS_KJH/CosmosPlus_DFTL_Superblock_DTRIM/SDTRIM/ftl/dftl/dftl_garbagecollector.cpp: In member function 'VOID GC_DEBUG::SetFlag(UINT32, GC_DEBUG::GC_DEBUG_FLAG)':
C:/COSMOS_KJH/CosmosPlus_DFTL_Superblock_DTRIM/SDTRIM/ftl/dftl/dftl_garbagecollector.cpp:674:9: warning: enumeration value 'GC_DEBUG_FLAG_READ_DONE' not handled in switch [-Wswitch]
  switch (eFlag)
         ^
C:/COSMOS_KJH/CosmosPlus_DFTL_Superblock_DTRIM/SDTRIM/ftl/dftl/dftl_garbagecollector.cpp:674:9: warning: enumeration value 'GC_DEBUG_FLAG_MASK' not handled in switch [-Wswitch]
C:/COSMOS_KJH/CosmosPlus_DFTL_Superblock_DTRIM/SDTRIM/ftl/dftl/dftl_garbagecollector.cpp:667:9: warning: unused variable 'channel' [-Wunused-variable]
  UINT32 channel = CHANNEL_FROM_VPPN(nVPPN);
         ^~~~~~~
C:/COSMOS_KJH/CosmosPlus_DFTL_Superblock_DTRIM/SDTRIM/ftl/dftl/dftl_garbagecollector.cpp:668:9: warning: unused variable 'way' [-Wunused-variable]
  UINT32 way = WAY_FROM_VPPN(nVPPN);
         ^~~
C:/COSMOS_KJH/CosmosPlus_DFTL_Superblock_DTRIM/SDTRIM/ftl/dftl/dftl_garbagecollector.cpp: In member function 'UINT32 SUPER_GC_MGR::GetVictimVBN()':
C:/COSMOS_KJH/CosmosPlus_DFTL_Superblock_DTRIM/SDTRIM/ftl/dftl/dftl_garbagecollector.cpp:118:1: warning: control reaches end of non-void function [-Wreturn-type]
 }
 ^
In file included from C:/COSMOS_KJH/CosmosPlus_DFTL_Superblock_DTRIM/SDTRIM/ftl/dftl/dftl_internal.h:61,
                 from C:/COSMOS_KJH/CosmosPlus_DFTL_Superblock_DTRIM/SDTRIM/ftl/dftl/dftl_garbagecollector.cpp:17:
C:/COSMOS_KJH/CosmosPlus_DFTL_Superblock_DTRIM/SDTRIM/ftl/dftl/dftl_profile.h: At global scope:
C:/COSMOS_KJH/CosmosPlus_DFTL_Superblock_DTRIM/SDTRIM/ftl/dftl/dftl_profile.h:62:15: warning: 'DFTL_profile' defined but not used [-Wunused-variable]
 static UINT32 DFTL_profile[Prof_Total_Num];
               ^~~~~~~~~~~~
In file included from C:/COSMOS_KJH/CosmosPlus_DFTL_Superblock_DTRIM/SDTRIM/ftl/dftl/dftl_internal.h:58,
                 from C:/COSMOS_KJH/CosmosPlus_DFTL_Superblock_DTRIM/SDTRIM/ftl/dftl/dftl_garbagecollector.cpp:17:
C:/COSMOS_KJH/CosmosPlus_DFTL_Superblock_DTRIM/SDTRIM/ftl/dftl/dftl_global.h:115:13: warning: 'void clear_range_same_segment(UINT32, UINT32, UINT32)' defined but not used [-Wunused-function]
 static void clear_range_same_segment(UINT32 nStartLPN, UINT32 nEndLPN, UINT32 seg_idx)
             ^~~~~~~~~~~~~~~~~~~~~~~~
C:/COSMOS_KJH/CosmosPlus_DFTL_Superblock_DTRIM/SDTRIM/ftl/dftl/dftl_global.h:69:13: warning: 'void set_range_same_segment(UINT32, UINT32, UINT32)' defined but not used [-Wunused-function]
 static void set_range_same_segment(UINT32 nStartLPN, UINT32 nEndLPN, UINT32 seg_idx)
             ^~~~~~~~~~~~~~~~~~~~~~
'Finished building: C:/COSMOS_KJH/CosmosPlus_DFTL_Superblock_DTRIM/SDTRIM/ftl/dftl/dftl_garbagecollector.cpp'
' '
'Building target: SDTRIM.elf'
'Invoking: ARM v7 g++ linker'
arm-none-eabi-g++ -mcpu=cortex-a9 -mfpu=vfpv3 -mfloat-abi=hard -Wl,-build-id=none -specs=Xilinx.spec -Wl,-T -Wl,../src/lscript.ld -L../../SDTRIM_bsp/ps7_cortexa9_0/lib -o "SDTRIM.elf"  ./src/target/cosmos_plus/cosmos_plus_system.o  ./src/target/main.o ./src/target/osal.o  ./src/hil/nvme/host_lld.o ./src/hil/nvme/nvme_admin_cmd.o ./src/hil/nvme/nvme_identify.o ./src/hil/nvme/nvme_io_cmd.o ./src/hil/nvme/nvme_main.o  ./src/hil/hil.o  ./src/ftl/dftl/dftl_activeblock.o ./src/ftl/dftl/dftl_block.o ./src/ftl/dftl/dftl_bufferpool.o ./src/ftl/dftl/dftl_external_interface.o ./src/ftl/dftl/dftl_garbagecollector.o ./src/ftl/dftl/dftl_global.o ./src/ftl/dftl/dftl_hdma.o ./src/ftl/dftl/dftl_meta.o ./src/ftl/dftl/dftl_profile.o ./src/ftl/dftl/dftl_request.o ./src/ftl/dftl/dftl_request_gc.o ./src/ftl/dftl/dftl_request_hil.o ./src/ftl/dftl/dftl_request_meta.o ./src/ftl/dftl/dftl_vnand.o  ./src/ftl/template.o ./src/ftl/template_cpp.o  ./src/fil/fil.o ./src/fil/fil_nand.o ./src/fil/fil_request.o ./src/fil/nsc_driver.o  ./src/common/list.o ./src/common/random.o ./src/common/statistics.o ./src/common/util.o   -Wl,--start-group,-lxil,-lgcc,-lc,-lstdc++,--end-group
'Finished building target: SDTRIM.elf'
' '
'Invoking: ARM v7 Print Size'
arm-none-eabi-size SDTRIM.elf  |tee "SDTRIM.elf.size"
   text	   data	    bss	    dec	    hex	filename
 267064	   5000	  27796	 299860	  49354	SDTRIM.elf
'Finished building: SDTRIM.elf.size'
' '

10:38:04 Build Finished (took 1s.849ms)

